2026-09-27 17:52:54.409207 [NOTICE] [Context.cc:310] Downloading 382 item(s)
2026-09-27 17:52:54.421080 [NOTICE] [ServerStatMan.cc:230] ServerStat file logs/server-stats.txt loaded successfully.
2026-09-27 17:52:54.490347 [NOTICE] [RequestGroup.cc:1214] Download complete: /tmp/tmp.04Qt7XemVJ/BLOCK/1hosts_official_pro_inclusions
2026-09-27 17:52:54.511465 [NOTICE] [RequestGroup.cc:1214] Download complete: /tmp/tmp.04Qt7XemVJ/BLOCK/1hosts_official_inclusions
2026-09-27 17:52:54.511858 [NOTICE] [RequestGroup.cc:1214] Download complete: /tmp/tmp.04Qt7XemVJ/BLOCK/ACL4SSR_program_ads
2026-09-27 17:52:54.513956 [NOTICE] [RequestGroup.cc:1214] Download complete: /tmp/tmp.04Qt7XemVJ/BLOCK/additional_hosts_search_blacklist
2026-09-27 17:52:54.516792 [NOTICE] [RequestGroup.cc:1214] Download complete: /tmp/tmp.04Qt7XemVJ/BLOCK/additional_hosts_adservers_and_trackers
2026-09-27 17:52:54.517238 [NOTICE] [RequestGroup.cc:1214] Download complete: /tmp/tmp.04Qt7XemVJ/BLOCK/additional_hosts_fake_domains
2026-09-27 17:52:54.519014 [NOTICE] [RequestGroup.cc:1214] Download complete: /tmp/tmp.04Qt7XemVJ/BLOCK/additional_hosts_activation
2026-09-27 17:52:54.529483 [NOTICE] [RequestGroup.cc:1214] Download complete: /tmp/tmp.04Qt7XemVJ/BLOCK/additional_hosts_unwanted_iranian
2026-09-27 17:52:54.530021 [NOTICE] [RequestGroup.cc:1214] Download complete: /tmp/tmp.04Qt7XemVJ/BLOCK/1hosts_staged_inclusions
2026-09-27 17:52:54.532591 [NOTICE] [RequestGroup.cc:1214] Download complete: /tmp/tmp.04Qt7XemVJ/BLOCK/1hosts_staged_pro_inclusions
2026-09-27 17:52:54.543607 [NOTICE] [RequestGroup.cc:1214] Download complete: /tmp/tmp.04Qt7XemVJ/BLOCK/ACL4SSR_web_ads
2026-09-27 17:52:54.556681 [NOTICE] [RequestGroup.cc:1214] Download complete: /tmp/tmp.04Qt7XemVJ/BLOCK/abuse_ch_urlhaus_online
2026-09-27 17:52:54.567004 [NOTICE] [RequestGroup.cc:1214] Download complete: /tmp/tmp.04Qt7XemVJ/BLOCK/abuse_ch_urlhaus_recent
2026-09-27 17:52:54.578747 [NOTICE] [RequestGroup.cc:1214] Download complete: /tmp/tmp.04Qt7XemVJ/BLOCK/abuse_ch_threatfox_domains
2026-09-27 17:52:54.587135 [NOTICE] [RequestGroup.cc:1214] Download complete: /tmp/tmp.04Qt7XemVJ/BLOCK/additional_hosts_parking_iranian
2026-09-27 17:52:54.591780 [NOTICE] [RequestGroup.cc:1214] Download complete: /tmp/tmp.04Qt7XemVJ/BLOCK/abvpn_ads
2026-09-27 17:52:54.596327 [NOTICE] [RequestGroup.cc:1214] Download complete: /tmp/tmp.04Qt7XemVJ/BLOCK/abvpn_general
2026-09-27 17:52:54.602758 [NOTICE] [RequestGroup.cc:1214] Download complete: /tmp/tmp.04Qt7XemVJ/BLOCK/adaway
2026-09-27 17:52:54.612539 [NOTICE] [RequestGroup.cc:1214] Download complete: /tmp/tmp.04Qt7XemVJ/BLOCK/abvpn_adult
2026-09-27 17:52:54.618113 [NOTICE] [RequestGroup.cc:1214] Download complete: /tmp/tmp.04Qt7XemVJ/BLOCK/abuse_ch_feodotracker
2026-09-27 17:52:54.625479 [NOTICE] [RequestGroup.cc:1214] Download complete: /tmp/tmp.04Qt7XemVJ/BLOCK/anti_axelspringer
2026-09-27 17:52:54.635030 [ERROR] [AbstractCommand.cc:401] CUID#45 - Download aborted. URI=https://ayashige.herokuapp.com/api/v1/domains/
Exception: [AbstractCommand.cc:403] errorCode=4 URI=https://ayashige.herokuapp.com/api/v1/domains/
  -> [RequestGroup.cc:1266] errorCode=4 Reached max-file-not-found count=1
2026-09-27 17:52:54.635175 [NOTICE] [RequestGroupMan.cc:424] Download GID#40367d32df0d2add not complete: /tmp/tmp.04Qt7XemVJ/BLOCK/ayashige
2026-09-27 17:52:54.666024 [NOTICE] [RequestGroup.cc:1214] Download complete: /tmp/tmp.04Qt7XemVJ/BLOCK/alienvault
2026-09-27 17:52:54.667486 [NOTICE] [RequestGroup.cc:1214] Download complete: /tmp/tmp.04Qt7XemVJ/BLOCK/apple_telemetry
2026-09-27 17:52:54.670982 [NOTICE] [RequestGroup.cc:1214] Download complete: /tmp/tmp.04Qt7XemVJ/BLOCK/abuse_ch_threatfox_ips
2026-09-27 17:52:54.680553 [NOTICE] [RequestGroup.cc:1214] Download complete: /tmp/tmp.04Qt7XemVJ/BLOCK/antispam_it
2026-09-27 17:52:54.682590 [NOTICE] [RequestGroup.cc:1214] Download complete: /tmp/tmp.04Qt7XemVJ/BLOCK/bjornstar
2026-09-27 17:52:54.711159 [NOTICE] [RequestGroup.cc:1214] Download complete: /tmp/tmp.04Qt7XemVJ/BLOCK/blocklist_de
2026-09-27 17:52:54.718047 [NOTICE] [RequestGroup.cc:1214] Download complete: /tmp/tmp.04Qt7XemVJ/BLOCK/abuse_ch_sslbl
2026-09-27 17:52:54.739614 [NOTICE] [RequestGroup.cc:1214] Download complete: /tmp/tmp.04Qt7XemVJ/BLOCK/blockconvert_internal
2026-09-27 17:52:54.752670 [ERROR] [AbstractCommand.cc:401] CUID#55 - Download aborted. URI=https://blocklistproject.github.io/Lists/alt-version/everything-nl.txt
Exception: [AbstractCommand.cc:403] errorCode=4 URI=https://blocklistproject.github.io/Lists/alt-version/everything-nl.txt
  -> [RequestGroup.cc:1266] errorCode=4 Reached max-file-not-found count=1
2026-09-27 17:52:54.752744 [NOTICE] [RequestGroupMan.cc:424] Download GID#d398da5b1ad0edaf not complete: /tmp/tmp.04Qt7XemVJ/BLOCK/blp_everything
2026-09-27 17:52:54.766666 [NOTICE] [RequestGroup.cc:1214] Download complete: /tmp/tmp.04Qt7XemVJ/BLOCK/blp_smart_tv
2026-09-27 17:52:54.785003 [NOTICE] [RequestGroup.cc:1214] Download complete: /tmp/tmp.04Qt7XemVJ/BLOCK/blp_whatsapp
2026-09-27 17:52:54.791994 [NOTICE] [RequestGroup.cc:1214] Download complete: /tmp/tmp.04Qt7XemVJ/BLOCK/anti_ad
2026-09-27 17:52:54.792700 [NOTICE] [HttpResponse.cc:168] CUID#46 - Redirecting to https://binarydefense.com/banlist.txt
2026-09-27 17:52:54.794260 [NOTICE] [RequestGroup.cc:1214] Download complete: /tmp/tmp.04Qt7XemVJ/BLOCK/antisocialengineer
2026-09-27 17:52:54.795347 [NOTICE] [RequestGroup.cc:1214] Download complete: /tmp/tmp.04Qt7XemVJ/BLOCK/blp_vaping
2026-09-27 17:52:54.820043 [NOTICE] [RequestGroup.cc:1214] Download complete: /tmp/tmp.04Qt7XemVJ/BLOCK/binarydefense
2026-09-27 17:52:54.838037 [NOTICE] [RequestGroup.cc:1214] Download complete: /tmp/tmp.04Qt7XemVJ/BLOCK/blokada_exodusprivacy
2026-09-27 17:52:54.849789 [NOTICE] [RequestGroup.cc:1214] Download complete: /tmp/tmp.04Qt7XemVJ/BLOCK/blokada_tracker_radar
2026-09-27 17:52:54.882138 [NOTICE] [RequestGroup.cc:1214] Download complete: /tmp/tmp.04Qt7XemVJ/BLOCK/blockconvert_adblock
2026-09-27 17:52:54.931212 [NOTICE] [RequestGroup.cc:1214] Download complete: /tmp/tmp.04Qt7XemVJ/BLOCK/air_anti_icann
2026-09-27 17:52:54.935932 [NOTICE] [RequestGroup.cc:1214] Download complete: /tmp/tmp.04Qt7XemVJ/BLOCK/anti_porn
2026-09-27 17:52:54.961662 [NOTICE] [RequestGroup.cc:1214] Download complete: /tmp/tmp.04Qt7XemVJ/BLOCK/antipopads
2026-09-27 17:52:54.974474 [NOTICE] [RequestGroup.cc:1214] Download complete: /tmp/tmp.04Qt7XemVJ/BLOCK/c2_intel_feeds
2026-09-27 17:52:55.009813 [NOTICE] [RequestGroup.cc:1214] Download complete: /tmp/tmp.04Qt7XemVJ/BLOCK/chrisjudk
2026-09-27 17:52:55.031696 [NOTICE] [RequestGroup.cc:1214] Download complete: /tmp/tmp.04Qt7XemVJ/BLOCK/botvrij_covid
2026-09-27 17:52:55.038312 [NOTICE] [RequestGroup.cc:1214] Download complete: /tmp/tmp.04Qt7XemVJ/BLOCK/botvrij_ioc_domain
2026-09-27 17:52:55.042614 [NOTICE] [RequestGroup.cc:1214] Download complete: /tmp/tmp.04Qt7XemVJ/BLOCK/botvrij_hostnames
2026-09-27 17:52:55.050296 [NOTICE] [RequestGroup.cc:1214] Download complete: /tmp/tmp.04Qt7XemVJ/BLOCK/botvrij_misp_ip_dst
2026-09-27 17:52:55.056896 [NOTICE] [RequestGroup.cc:1214] Download complete: /tmp/tmp.04Qt7XemVJ/BLOCK/botvrij_ioc_ip_dst
2026-09-27 17:52:55.058402 [NOTICE] [RequestGroup.cc:1214] Download complete: /tmp/tmp.04Qt7XemVJ/BLOCK/botvrij_ioc_url
2026-09-27 17:52:55.065715 [NOTICE] [RequestGroup.cc:1214] Download complete: /tmp/tmp.04Qt7XemVJ/BLOCK/blackbird
2026-09-27 17:52:55.095026 [NOTICE] [RequestGroup.cc:1214] Download complete: /tmp/tmp.04Qt7XemVJ/BLOCK/cps_illuminate
2026-09-27 17:52:55.108823 [NOTICE] [RequestGroup.cc:1214] Download complete: /tmp/tmp.04Qt7XemVJ/BLOCK/cryptoscamdb_blacklist
2026-09-27 17:52:55.115447 [NOTICE] [RequestGroup.cc:1214] Download complete: /tmp/tmp.04Qt7XemVJ/BLOCK/cps_stalkerware
2026-09-27 17:52:55.121715 [NOTICE] [RequestGroup.cc:1214] Download complete: /tmp/tmp.04Qt7XemVJ/BLOCK/cps_predict
2026-09-27 17:52:55.149302 [ERROR] [AbstractCommand.cc:349] CUID#80 - Download aborted. URI=https://api.cybercure.ai/feed/get_ips?type=json
Exception: [AbstractCommand.cc:351] errorCode=22 URI=https://api.cybercure.ai/feed/get_ips?type=json
  -> [HttpSkipResponseCommand.cc:239] errorCode=22 The response status is not successful. status=520
2026-09-27 17:52:55.149329 [NOTICE] [RequestGroupMan.cc:424] Download GID#fb352468cc8b3bdb not complete: /tmp/tmp.04Qt7XemVJ/BLOCK/cyber_cure_ips
2026-09-27 17:52:55.150058 [ERROR] [AbstractCommand.cc:349] CUID#81 - Download aborted. URI=https://api.cybercure.ai/feed/get_url?type=json
Exception: [AbstractCommand.cc:351] errorCode=22 URI=https://api.cybercure.ai/feed/get_url?type=json
  -> [HttpSkipResponseCommand.cc:239] errorCode=22 The response status is not successful. status=520
2026-09-27 17:52:55.150072 [NOTICE] [RequestGroupMan.cc:424] Download GID#8fc92a5d10c52d02 not complete: /tmp/tmp.04Qt7XemVJ/BLOCK/cyber_cure_urls
2026-09-27 17:52:55.174518 [NOTICE] [RequestGroup.cc:1214] Download complete: /tmp/tmp.04Qt7XemVJ/BLOCK/air_ads
2026-09-27 17:52:55.178479 [NOTICE] [HttpResponse.cc:168] CUID#72 - Redirecting to https://gitlab.com/users/sign_in
2026-09-27 17:52:55.183558 [ERROR] [AbstractCommand.cc:349] CUID#72 - Download aborted. URI=https://gitlab.com/ZeroDot1/CoinBlockerLists/-/raw/master/list_optional.txt
Exception: [AbstractCommand.cc:351] errorCode=22 URI=https://gitlab.com/users/sign_in
  -> [HttpSkipResponseCommand.cc:239] errorCode=22 The response status is not successful. status=403
2026-09-27 17:52:55.200116 [NOTICE] [RequestGroup.cc:1214] Download complete: /tmp/tmp.04Qt7XemVJ/BLOCK/botvrij_ioc_ip_src
2026-09-27 17:52:55.210016 [NOTICE] [RequestGroup.cc:1214] Download complete: /tmp/tmp.04Qt7XemVJ/BLOCK/cps_iocs
2026-09-27 17:52:55.216372 [NOTICE] [RequestGroup.cc:1214] Download complete: /tmp/tmp.04Qt7XemVJ/BLOCK/d3ward
2026-09-27 17:52:55.226013 [NOTICE] [RequestGroup.cc:1214] Download complete: /tmp/tmp.04Qt7XemVJ/BLOCK/air_cryptojacking
2026-09-27 17:52:55.254260 [NOTICE] [RequestGroup.cc:1214] Download complete: /tmp/tmp.04Qt7XemVJ/BLOCK/cyberhost
2026-09-27 17:52:55.262007 [NOTICE] [RequestGroup.cc:1214] Download complete: /tmp/tmp.04Qt7XemVJ/BLOCK/dandelion_antimalware
2026-09-27 17:52:55.274368 [NOTICE] [RequestGroup.cc:1214] Download complete: /tmp/tmp.04Qt7XemVJ/BLOCK/cinsscore
2026-09-27 17:52:55.295309 [NOTICE] [RequestGroup.cc:1214] Download complete: /tmp/tmp.04Qt7XemVJ/BLOCK/dan_pollock
2026-09-27 17:52:55.325744 [NOTICE] [RequestGroup.cc:1214] Download complete: /tmp/tmp.04Qt7XemVJ/BLOCK/dandelionsprout_norwegian
2026-09-27 17:52:55.333102 [NOTICE] [HttpResponse.cc:168] CUID#86 - Redirecting to https://gitlab.com/users/sign_in
2026-09-27 17:52:55.344557 [ERROR] [AbstractCommand.cc:349] CUID#86 - Download aborted. URI=https://gitlab.com/ZeroDot1/CoinBlockerLists/raw/master/list_optional.txt
Exception: [AbstractCommand.cc:351] errorCode=22 URI=https://gitlab.com/users/sign_in
  -> [HttpSkipResponseCommand.cc:239] errorCode=22 The response status is not successful. status=403
2026-09-27 17:52:55.384296 [NOTICE] [RequestGroup.cc:1214] Download complete: /tmp/tmp.04Qt7XemVJ/BLOCK/dataplane_sipregistration
2026-09-27 17:52:55.392144 [NOTICE] [RequestGroup.cc:1214] Download complete: /tmp/tmp.04Qt7XemVJ/BLOCK/dataplane_sipinvitation
2026-09-27 17:52:55.412493 [NOTICE] [RequestGroup.cc:1214] Download complete: /tmp/tmp.04Qt7XemVJ/BLOCK/cryptolaemus
2026-09-27 17:52:55.413519 [NOTICE] [HttpResponse.cc:168] CUID#99 - Redirecting to https://projects.gitlab.io/auth?domain=https://zerodot1.gitlab.io&root_namespace_id=1932776&state=Jkt5K6lr_xxT92oSzcvSFw==
2026-09-27 17:52:55.449086 [NOTICE] [HttpResponse.cc:168] CUID#99 - Redirecting to https://gitlab.com/oauth/authorize?client_id=5059a88907e1b093c23df47d996183b101a862a5e53e099b563120d1308db2c1&redirect_uri=https://projects.gitlab.io/auth&response_type=code&state=Jkt5K6lr_xxT92oSzcvSFw==&scope=api&root_namespace_id=1932776
2026-09-27 17:52:55.461708 [NOTICE] [RequestGroup.cc:1214] Download complete: /tmp/tmp.04Qt7XemVJ/BLOCK/dataplane_sshpwauth
2026-09-27 17:52:55.465934 [NOTICE] [RequestGroup.cc:1214] Download complete: /tmp/tmp.04Qt7XemVJ/BLOCK/damengzhu
2026-09-27 17:52:55.472865 [NOTICE] [RequestGroup.cc:1214] Download complete: /tmp/tmp.04Qt7XemVJ/BLOCK/disconnectme_entities
2026-09-27 17:52:55.484516 [NOTICE] [RequestGroup.cc:1214] Download complete: /tmp/tmp.04Qt7XemVJ/BLOCK/dataplane_vncrfb
2026-09-27 17:52:55.492604 [NOTICE] [RequestGroup.cc:1214] Download complete: /tmp/tmp.04Qt7XemVJ/BLOCK/dataplane_sipquery
2026-09-27 17:52:55.500974 [NOTICE] [RequestGroup.cc:1214] Download complete: /tmp/tmp.04Qt7XemVJ/BLOCK/bruteforceblocker
2026-09-27 17:52:55.549523 [NOTICE] [RequestGroup.cc:1214] Download complete: /tmp/tmp.04Qt7XemVJ/BLOCK/discord_phishing_links
2026-09-27 17:52:55.565573 [NOTICE] [HttpResponse.cc:168] CUID#99 - Redirecting to https://gitlab.com/users/sign_in
2026-09-27 17:52:55.567652 [NOTICE] [RequestGroup.cc:1214] Download complete: /tmp/tmp.04Qt7XemVJ/BLOCK/discord_suspicious_links
2026-09-27 17:52:55.570058 [ERROR] [AbstractCommand.cc:349] CUID#99 - Download aborted. URI=https://zerodot1.gitlab.io/CoinBlockerLists/list_optional.txt
Exception: [AbstractCommand.cc:351] errorCode=22 URI=https://gitlab.com/users/sign_in
  -> [HttpSkipResponseCommand.cc:239] errorCode=22 The response status is not successful. status=403
2026-09-27 17:52:55.570135 [NOTICE] [RequestGroupMan.cc:424] Download GID#59cc9ac1c4b0c75f not complete: /tmp/tmp.04Qt7XemVJ/BLOCK/coinblockerlists_optional
2026-09-27 17:52:55.573867 [NOTICE] [RequestGroup.cc:1214] Download complete: /tmp/tmp.04Qt7XemVJ/BLOCK/durablenapkin_scams
2026-09-27 17:52:55.601342 [NOTICE] [RequestGroup.cc:1214] Download complete: /tmp/tmp.04Qt7XemVJ/BLOCK/air_gambling
2026-09-27 17:52:55.602430 [NOTICE] [RequestGroup.cc:1214] Download complete: /tmp/tmp.04Qt7XemVJ/BLOCK/dogino_discord
2026-09-27 17:52:55.604425 [NOTICE] [RequestGroup.cc:1214] Download complete: /tmp/tmp.04Qt7XemVJ/BLOCK/cybercrime_ccmgate
2026-09-27 17:52:55.620428 [NOTICE] [RequestGroup.cc:1214] Download complete: /tmp/tmp.04Qt7XemVJ/BLOCK/cname_trackers
2026-09-27 17:52:55.620588 [NOTICE] [HttpResponse.cc:168] CUID#85 - Redirecting to https://coi.gov.cz/userdata/files/dokumenty-ke-stazeni/open-data/rizikove.csv
2026-09-27 17:52:55.627597 [NOTICE] [RequestGroup.cc:1214] Download complete: /tmp/tmp.04Qt7XemVJ/BLOCK/durablenapkin_avast
2026-09-27 17:52:55.636054 [NOTICE] [RequestGroup.cc:1214] Download complete: /tmp/tmp.04Qt7XemVJ/BLOCK/durablenapkin_luminati
2026-09-27 17:52:55.640318 [NOTICE] [RequestGroup.cc:1214] Download complete: /tmp/tmp.04Qt7XemVJ/BLOCK/fademind_unchecky
2026-09-27 17:52:55.643238 [NOTICE] [RequestGroup.cc:1214] Download complete: /tmp/tmp.04Qt7XemVJ/BLOCK/durablenapkin_streaming
2026-09-27 17:52:55.662999 [NOTICE] [RequestGroup.cc:1214] Download complete: /tmp/tmp.04Qt7XemVJ/BLOCK/dshield
2026-09-27 17:52:55.671932 [NOTICE] [RequestGroup.cc:1214] Download complete: /tmp/tmp.04Qt7XemVJ/BLOCK/durablenapkin_tvstream
2026-09-27 17:52:55.700042 [NOTICE] [RequestGroup.cc:1214] Download complete: /tmp/tmp.04Qt7XemVJ/BLOCK/energized_unblock
2026-09-27 17:52:55.704651 [NOTICE] [RequestGroup.cc:1214] Download complete: /tmp/tmp.04Qt7XemVJ/BLOCK/easylist_finnish
2026-09-27 17:52:55.706121 [NOTICE] [RequestGroup.cc:1214] Download complete: /tmp/tmp.04Qt7XemVJ/BLOCK/easylist_indonesian
2026-09-27 17:52:55.710179 [NOTICE] [RequestGroup.cc:1214] Download complete: /tmp/tmp.04Qt7XemVJ/BLOCK/frellwits
2026-09-27 17:52:55.745608 [NOTICE] [RequestGroup.cc:1214] Download complete: /tmp/tmp.04Qt7XemVJ/BLOCK/darklist
2026-09-27 17:52:55.895669 [NOTICE] [RequestGroup.cc:1214] Download complete: /tmp/tmp.04Qt7XemVJ/BLOCK/czech_risky_eshops
2026-09-27 17:52:55.898420 [NOTICE] [RequestGroup.cc:1214] Download complete: /tmp/tmp.04Qt7XemVJ/BLOCK/cert_pl
2026-09-27 17:52:55.906296 [NOTICE] [RequestGroup.cc:1214] Download complete: /tmp/tmp.04Qt7XemVJ/BLOCK/fanboy_indian
2026-09-27 17:52:55.910927 [NOTICE] [RequestGroup.cc:1214] Download complete: /tmp/tmp.04Qt7XemVJ/BLOCK/futaguard_nofarm
2026-09-27 17:52:55.917091 [NOTICE] [RequestGroup.cc:1214] Download complete: /tmp/tmp.04Qt7XemVJ/BLOCK/fanboy_ultimate
2026-09-27 17:52:55.927397 [NOTICE] [RequestGroup.cc:1214] Download complete: /tmp/tmp.04Qt7XemVJ/BLOCK/fanboy_cookiemonster
2026-09-27 17:52:55.940084 [NOTICE] [RequestGroup.cc:1214] Download complete: /tmp/tmp.04Qt7XemVJ/BLOCK/futaguard_rpz
2026-09-27 17:52:55.947101 [NOTICE] [RequestGroup.cc:1214] Download complete: /tmp/tmp.04Qt7XemVJ/BLOCK/cybercrime_all
2026-09-27 17:52:55.967645 [NOTICE] [RequestGroup.cc:1214] Download complete: /tmp/tmp.04Qt7XemVJ/BLOCK/futaguard_lowtech
2026-09-27 17:52:55.972121 [NOTICE] [RequestGroup.cc:1214] Download complete: /tmp/tmp.04Qt7XemVJ/BLOCK/giox_facebook
2026-09-27 17:52:55.974095 [NOTICE] [RequestGroup.cc:1214] Download complete: /tmp/tmp.04Qt7XemVJ/BLOCK/goodbye_ads_samsung
2026-09-27 17:52:55.977255 [NOTICE] [RequestGroup.cc:1214] Download complete: /tmp/tmp.04Qt7XemVJ/BLOCK/giox_filtri
2026-09-27 17:52:55.977998 [NOTICE] [RequestGroup.cc:1214] Download complete: /tmp/tmp.04Qt7XemVJ/BLOCK/goodbye_ads_spotify
2026-09-27 17:52:55.991701 [NOTICE] [RequestGroup.cc:1214] Download complete: /tmp/tmp.04Qt7XemVJ/BLOCK/goodbye_ads_xiaomi
2026-09-27 17:52:56.007824 [NOTICE] [RequestGroup.cc:1214] Download complete: /tmp/tmp.04Qt7XemVJ/BLOCK/goodbye_ads_leeco
2026-09-27 17:52:56.018794 [NOTICE] [RequestGroup.cc:1214] Download complete: /tmp/tmp.04Qt7XemVJ/BLOCK/giox_siteblock
2026-09-27 17:52:56.019371 [NOTICE] [RequestGroup.cc:1214] Download complete: /tmp/tmp.04Qt7XemVJ/BLOCK/goodbye_ads_core
2026-09-27 17:52:56.040557 [ERROR] [AbstractCommand.cc:401] CUID#152 - Download aborted. URI=https://raw.githubusercontent.com/hagezi/dns-blocklists/main/submit_pullrequest_here/deny_light-ultimate.txt
Exception: [AbstractCommand.cc:403] errorCode=4 URI=https://raw.githubusercontent.com/hagezi/dns-blocklists/main/submit_pullrequest_here/deny_light-ultimate.txt
  -> [RequestGroup.cc:1266] errorCode=4 Reached max-file-not-found count=1
2026-09-27 17:52:56.040640 [NOTICE] [RequestGroupMan.cc:424] Download GID#951675fb6b6d95e7 not complete: /tmp/tmp.04Qt7XemVJ/BLOCK/hagezi_default
2026-09-27 17:52:56.043160 [ERROR] [AbstractCommand.cc:401] CUID#154 - Download aborted. URI=https://raw.githubusercontent.com/hagezi/dns-blocklists/main/submit_pullrequest_here/deny_popupads.txt
Exception: [AbstractCommand.cc:403] errorCode=4 URI=https://raw.githubusercontent.com/hagezi/dns-blocklists/main/submit_pullrequest_here/deny_popupads.txt
  -> [RequestGroup.cc:1266] errorCode=4 Reached max-file-not-found count=1
2026-09-27 17:52:56.043237 [NOTICE] [RequestGroupMan.cc:424] Download GID#fe58f0d439e7d968 not complete: /tmp/tmp.04Qt7XemVJ/BLOCK/hagezi_popupads
2026-09-27 17:52:56.055056 [ERROR] [AbstractCommand.cc:401] CUID#153 - Download aborted. URI=https://raw.githubusercontent.com/hagezi/dns-blocklists/main/submit_pullrequest_here/deny_proplus-ultimate.txt
Exception: [AbstractCommand.cc:403] errorCode=4 URI=https://raw.githubusercontent.com/hagezi/dns-blocklists/main/submit_pullrequest_here/deny_proplus-ultimate.txt
  -> [RequestGroup.cc:1266] errorCode=4 Reached max-file-not-found count=1
2026-09-27 17:52:56.055169 [NOTICE] [RequestGroupMan.cc:424] Download GID#c7644660f4de93b3 not complete: /tmp/tmp.04Qt7XemVJ/BLOCK/hagezi_extra
2026-09-27 17:52:56.065435 [NOTICE] [RequestGroup.cc:1214] Download complete: /tmp/tmp.04Qt7XemVJ/BLOCK/fanboy_antifonts
2026-09-27 17:52:56.068626 [ERROR] [AbstractCommand.cc:401] CUID#155 - Download aborted. URI=https://raw.githubusercontent.com/hagezi/dns-blocklists/main/submit_pullrequest_here/deny_tif.txt
Exception: [AbstractCommand.cc:403] errorCode=4 URI=https://raw.githubusercontent.com/hagezi/dns-blocklists/main/submit_pullrequest_here/deny_tif.txt
  -> [RequestGroup.cc:1266] errorCode=4 Reached max-file-not-found count=1
2026-09-27 17:52:56.068708 [NOTICE] [RequestGroupMan.cc:424] Download GID#ce92e39860feca57 not complete: /tmp/tmp.04Qt7XemVJ/BLOCK/hagezi_threats
2026-09-27 17:52:56.085627 [NOTICE] [RequestGroup.cc:1214] Download complete: /tmp/tmp.04Qt7XemVJ/BLOCK/esox_lucius
2026-09-27 17:52:56.122731 [NOTICE] [RequestGroup.cc:1214] Download complete: /tmp/tmp.04Qt7XemVJ/BLOCK/firehol_level4
2026-09-27 17:52:56.168452 [NOTICE] [RequestGroup.cc:1214] Download complete: /tmp/tmp.04Qt7XemVJ/BLOCK/anudeep_facebook
2026-09-27 17:52:56.179013 [NOTICE] [RequestGroup.cc:1214] Download complete: /tmp/tmp.04Qt7XemVJ/BLOCK/combindprivacyblocklists
2026-09-27 17:52:56.184073 [NOTICE] [RequestGroup.cc:1214] Download complete: /tmp/tmp.04Qt7XemVJ/BLOCK/futaguard_tw165
2026-09-27 17:52:56.187531 [NOTICE] [RequestGroup.cc:1214] Download complete: /tmp/tmp.04Qt7XemVJ/BLOCK/anudeep_coinminer
2026-09-27 17:52:56.239774 [NOTICE] [RequestGroup.cc:1214] Download complete: /tmp/tmp.04Qt7XemVJ/BLOCK/hexxium
2026-09-27 17:52:56.413861 [NOTICE] [RequestGroup.cc:1214] Download complete: /tmp/tmp.04Qt7XemVJ/BLOCK/air_malware
2026-09-27 17:52:56.435332 [ERROR] [AbstractCommand.cc:349] CUID#160 - Download aborted. URI=https://git.herrbischoff.com/trackers/plain/domains.txt
Exception: [AbstractCommand.cc:351] errorCode=1 URI=https://git.herrbischoff.com/trackers/plain/domains.txt
  -> [SocketCore.cc:1019] errorCode=1 SSL/TLS handshake failure:  `not signed by known authorities or invalid' `expired'
2026-09-27 17:52:56.435404 [NOTICE] [RequestGroupMan.cc:424] Download GID#dd404f589d096933 not complete: /tmp/tmp.04Qt7XemVJ/BLOCK/herrbischoff_domains
2026-09-27 17:52:56.437769 [ERROR] [AbstractCommand.cc:349] CUID#156 - Download aborted. URI=https://git.herrbischoff.com/trackers/plain/advertising.txt
Exception: [AbstractCommand.cc:351] errorCode=1 URI=https://git.herrbischoff.com/trackers/plain/advertising.txt
  -> [SocketCore.cc:1019] errorCode=1 SSL/TLS handshake failure:  `not signed by known authorities or invalid' `expired'
2026-09-27 17:52:56.437837 [NOTICE] [RequestGroupMan.cc:424] Download GID#9236f311e75e40ea not complete: /tmp/tmp.04Qt7XemVJ/BLOCK/herrbischoff_advertising
2026-09-27 17:52:56.439181 [ERROR] [AbstractCommand.cc:349] CUID#159 - Download aborted. URI=https://git.herrbischoff.com/trackers/plain/cookie.txt
Exception: [AbstractCommand.cc:351] errorCode=1 URI=https://git.herrbischoff.com/trackers/plain/cookie.txt
  -> [SocketCore.cc:1019] errorCode=1 SSL/TLS handshake failure:  `not signed by known authorities or invalid' `expired'
2026-09-27 17:52:56.439244 [NOTICE] [RequestGroupMan.cc:424] Download GID#7ba1cbd4ff498b61 not complete: /tmp/tmp.04Qt7XemVJ/BLOCK/herrbischoff_cookie
2026-09-27 17:52:56.440680 [ERROR] [AbstractCommand.cc:349] CUID#162 - Download aborted. URI=https://git.herrbischoff.com/trackers/plain/reject.txt
Exception: [AbstractCommand.cc:351] errorCode=1 URI=https://git.herrbischoff.com/trackers/plain/reject.txt
  -> [SocketCore.cc:1019] errorCode=1 SSL/TLS handshake failure:  `not signed by known authorities or invalid' `expired'
2026-09-27 17:52:56.440746 [NOTICE] [RequestGroupMan.cc:424] Download GID#b5629b4d73c58f23 not complete: /tmp/tmp.04Qt7XemVJ/BLOCK/herrbischoff_reject
2026-09-27 17:52:56.441949 [ERROR] [AbstractCommand.cc:349] CUID#163 - Download aborted. URI=https://git.herrbischoff.com/trackers/plain/spam.txt
Exception: [AbstractCommand.cc:351] errorCode=1 URI=https://git.herrbischoff.com/trackers/plain/spam.txt
  -> [SocketCore.cc:1019] errorCode=1 SSL/TLS handshake failure:  `not signed by known authorities or invalid' `expired'
2026-09-27 17:52:56.442033 [NOTICE] [RequestGroupMan.cc:424] Download GID#1f4365c11c22609a not complete: /tmp/tmp.04Qt7XemVJ/BLOCK/herrbischoff_spam_domains
2026-09-27 17:52:56.448753 [NOTICE] [RequestGroup.cc:1214] Download complete: /tmp/tmp.04Qt7XemVJ/BLOCK/hostsvn
2026-09-27 17:52:56.452223 [NOTICE] [RequestGroup.cc:1214] Download complete: /tmp/tmp.04Qt7XemVJ/BLOCK/greensnow
2026-09-27 17:52:56.458810 [ERROR] [AbstractCommand.cc:349] CUID#164 - Download aborted. URI=https://git.herrbischoff.com/trackers/plain/spam.netset
Exception: [AbstractCommand.cc:351] errorCode=1 URI=https://git.herrbischoff.com/trackers/plain/spam.netset
  -> [SocketCore.cc:1019] errorCode=1 SSL/TLS handshake failure:  `not signed by known authorities or invalid' `expired'
2026-09-27 17:52:56.458881 [NOTICE] [RequestGroupMan.cc:424] Download GID#144ea367fc1b92a3 not complete: /tmp/tmp.04Qt7XemVJ/BLOCK/herrbischoff_spam_ips
2026-09-27 17:52:56.476075 [ERROR] [AbstractCommand.cc:349] CUID#165 - Download aborted. URI=https://git.herrbischoff.com/trackers/plain/telemetry.txt
Exception: [AbstractCommand.cc:351] errorCode=1 URI=https://git.herrbischoff.com/trackers/plain/telemetry.txt
  -> [SocketCore.cc:1019] errorCode=1 SSL/TLS handshake failure:  `not signed by known authorities or invalid' `expired'
2026-09-27 17:52:56.476147 [NOTICE] [RequestGroupMan.cc:424] Download GID#6e7a53a7c2deb1e7 not complete: /tmp/tmp.04Qt7XemVJ/BLOCK/herrbischoff_telemetry
2026-09-27 17:52:56.479134 [ERROR] [AbstractCommand.cc:349] CUID#166 - Download aborted. URI=https://git.herrbischoff.com/trackers/plain/trackers.txt
Exception: [AbstractCommand.cc:351] errorCode=1 URI=https://git.herrbischoff.com/trackers/plain/trackers.txt
  -> [SocketCore.cc:1019] errorCode=1 SSL/TLS handshake failure:  `not signed by known authorities or invalid' `expired'
2026-09-27 17:52:56.479203 [NOTICE] [RequestGroupMan.cc:424] Download GID#e57da2e88de6caad not complete: /tmp/tmp.04Qt7XemVJ/BLOCK/herrbischoff_trackers
2026-09-27 17:52:56.497937 [NOTICE] [RequestGroup.cc:1214] Download complete: /tmp/tmp.04Qt7XemVJ/BLOCK/hpthreatresearch_ta551
2026-09-27 17:52:56.499643 [NOTICE] [RequestGroup.cc:1214] Download complete: /tmp/tmp.04Qt7XemVJ/BLOCK/iam_py_test_antimalware
2026-09-27 17:52:56.528125 [NOTICE] [RequestGroup.cc:1214] Download complete: /tmp/tmp.04Qt7XemVJ/BLOCK/infinitytec_ads_and_trackers
2026-09-27 17:52:56.540593 [NOTICE] [RequestGroup.cc:1214] Download complete: /tmp/tmp.04Qt7XemVJ/BLOCK/giox_upd
2026-09-27 17:52:56.547357 [NOTICE] [RequestGroup.cc:1214] Download complete: /tmp/tmp.04Qt7XemVJ/BLOCK/herrbischoff_badasn
2026-09-27 17:52:56.550582 [NOTICE] [RequestGroup.cc:1214] Download complete: /tmp/tmp.04Qt7XemVJ/BLOCK/herrbischoff_ai
2026-09-27 17:52:56.550816 [NOTICE] [HttpResponse.cc:168] CUID#176 - Redirecting to http://list.iblocklist.com/humantest?list=dufcxgnbjsdwmwctgfuj&fileformat=cidr&archiveformat=gz
2026-09-27 17:52:56.558430 [ERROR] [AbstractCommand.cc:349] CUID#176 - Download aborted. URI=http://list.iblocklist.com?list=dufcxgnbjsdwmwctgfuj&fileformat=cidr&archiveformat=gz
Exception: [AbstractCommand.cc:351] errorCode=24 URI=http://list.iblocklist.com/humantest?list=dufcxgnbjsdwmwctgfuj&fileformat=cidr&archiveformat=gz
  -> [HttpSkipResponseCommand.cc:215] errorCode=24 Authorization failed.
2026-09-27 17:52:56.558447 [NOTICE] [RequestGroupMan.cc:424] Download GID#e3d74aa310ab6e5b not complete: /tmp/tmp.04Qt7XemVJ/BLOCK/iblocklist_pedos
2026-09-27 17:52:56.564161 [NOTICE] [RequestGroup.cc:1214] Download complete: /tmp/tmp.04Qt7XemVJ/BLOCK/infinitytec_multi_level_marketing
2026-09-27 17:52:56.576953 [NOTICE] [RequestGroup.cc:1214] Download complete: /tmp/tmp.04Qt7XemVJ/BLOCK/ipsum
2026-09-27 17:52:56.592508 [NOTICE] [RequestGroup.cc:1214] Download complete: /tmp/tmp.04Qt7XemVJ/BLOCK/infinitytec_scams_and_phishing
2026-09-27 17:52:56.621698 [NOTICE] [RequestGroup.cc:1214] Download complete: /tmp/tmp.04Qt7XemVJ/BLOCK/infinitytec_medical_pseudoscience
2026-09-27 17:52:56.707505 [NOTICE] [RequestGroup.cc:1214] Download complete: /tmp/tmp.04Qt7XemVJ/BLOCK/herrbischoff_ipbl
2026-09-27 17:52:56.723582 [NOTICE] [RequestGroup.cc:1214] Download complete: /tmp/tmp.04Qt7XemVJ/BLOCK/ilpl
2026-09-27 17:52:56.740593 [NOTICE] [RequestGroup.cc:1214] Download complete: /tmp/tmp.04Qt7XemVJ/BLOCK/ios_trackers
2026-09-27 17:52:56.804675 [NOTICE] [RequestGroup.cc:1214] Download complete: /tmp/tmp.04Qt7XemVJ/BLOCK/interserver
2026-09-27 17:52:56.825323 [NOTICE] [RequestGroup.cc:1214] Download complete: /tmp/tmp.04Qt7XemVJ/BLOCK/isc_adscore
2026-09-27 17:52:56.875516 [NOTICE] [RequestGroup.cc:1214] Download complete: /tmp/tmp.04Qt7XemVJ/BLOCK/isc_blindferret
2026-09-27 17:52:56.904443 [NOTICE] [RequestGroup.cc:1214] Download complete: /tmp/tmp.04Qt7XemVJ/BLOCK/isc_arbor
2026-09-27 17:52:56.973814 [NOTICE] [RequestGroup.cc:1214] Download complete: /tmp/tmp.04Qt7XemVJ/BLOCK/anudeep_adservers
2026-09-27 17:52:57.009262 [NOTICE] [RequestGroup.cc:1214] Download complete: /tmp/tmp.04Qt7XemVJ/BLOCK/isc_cybergreen
2026-09-27 17:52:57.038257 [NOTICE] [RequestGroup.cc:1214] Download complete: /tmp/tmp.04Qt7XemVJ/BLOCK/isc_erratasec
2026-09-27 17:52:57.072446 [NOTICE] [RequestGroup.cc:1214] Download complete: /tmp/tmp.04Qt7XemVJ/BLOCK/isc_censys
2026-09-27 17:52:57.105430 [NOTICE] [RequestGroup.cc:1214] Download complete: /tmp/tmp.04Qt7XemVJ/BLOCK/isc_ipip
2026-09-27 17:52:57.117140 [NOTICE] [RequestGroup.cc:1214] Download complete: /tmp/tmp.04Qt7XemVJ/BLOCK/isc_shodan
2026-09-27 17:52:57.118069 [NOTICE] [RequestGroup.cc:1214] Download complete: /tmp/tmp.04Qt7XemVJ/BLOCK/isc_internetcensus
2026-09-27 17:52:57.247433 [NOTICE] [RequestGroup.cc:1214] Download complete: /tmp/tmp.04Qt7XemVJ/BLOCK/isc_netsystems
2026-09-27 17:52:57.259661 [NOTICE] [RequestGroup.cc:1214] Download complete: /tmp/tmp.04Qt7XemVJ/BLOCK/isc_rapid7sonar
2026-09-27 17:52:57.268889 [NOTICE] [RequestGroup.cc:1214] Download complete: /tmp/tmp.04Qt7XemVJ/BLOCK/in0de
2026-09-27 17:52:57.278231 [NOTICE] [RequestGroup.cc:1214] Download complete: /tmp/tmp.04Qt7XemVJ/BLOCK/isc_scorecard
2026-09-27 17:52:57.280523 [NOTICE] [RequestGroup.cc:1214] Download complete: /tmp/tmp.04Qt7XemVJ/BLOCK/isc_onyphe
2026-09-27 17:52:57.281903 [NOTICE] [RequestGroup.cc:1214] Download complete: /tmp/tmp.04Qt7XemVJ/BLOCK/isc_recyber
2026-09-27 17:52:57.387230 [NOTICE] [RequestGroup.cc:1214] Download complete: /tmp/tmp.04Qt7XemVJ/BLOCK/isc_stretchoid
2026-09-27 17:52:57.451449 [NOTICE] [RequestGroup.cc:1214] Download complete: /tmp/tmp.04Qt7XemVJ/BLOCK/isc_univsydney
2026-09-27 17:52:57.454125 [NOTICE] [RequestGroup.cc:1214] Download complete: /tmp/tmp.04Qt7XemVJ/BLOCK/isc_univmichigan
2026-09-27 17:52:57.465215 [NOTICE] [RequestGroup.cc:1214] Download complete: /tmp/tmp.04Qt7XemVJ/BLOCK/jawz101
2026-09-27 17:52:57.573464 [NOTICE] [RequestGroup.cc:1214] Download complete: /tmp/tmp.04Qt7XemVJ/BLOCK/blocklist_ua
2026-09-27 17:52:57.595397 [NOTICE] [RequestGroup.cc:1214] Download complete: /tmp/tmp.04Qt7XemVJ/BLOCK/honeynet_asia_mssqld
2026-09-27 17:52:57.656904 [NOTICE] [RequestGroup.cc:1214] Download complete: /tmp/tmp.04Qt7XemVJ/BLOCK/kadhosts
2026-09-27 17:52:57.670801 [ERROR] [AbstractCommand.cc:401] CUID#256 - Download aborted. URI=https://raw.githubusercontent.com/KodoPengin/GameIndustry-hosts-Template/master/Amazon-FireStick/hosts
Exception: [AbstractCommand.cc:403] errorCode=4 URI=https://raw.githubusercontent.com/KodoPengin/GameIndustry-hosts-Template/master/Amazon-FireStick/hosts
  -> [RequestGroup.cc:1266] errorCode=4 Reached max-file-not-found count=1
2026-09-27 17:52:57.670915 [NOTICE] [RequestGroupMan.cc:424] Download GID#6715a43922af7e05 not complete: /tmp/tmp.04Qt7XemVJ/BLOCK/kodopenguin_amazon_firestick
2026-09-27 17:52:57.690490 [ERROR] [AbstractCommand.cc:401] CUID#257 - Download aborted. URI=https://raw.githubusercontent.com/KodoPengin/GameIndustry-hosts-Template/master/Android-Mini-Template/hosts
Exception: [AbstractCommand.cc:403] errorCode=4 URI=https://raw.githubusercontent.com/KodoPengin/GameIndustry-hosts-Template/master/Android-Mini-Template/hosts
  -> [RequestGroup.cc:1266] errorCode=4 Reached max-file-not-found count=1
2026-09-27 17:52:57.690569 [NOTICE] [RequestGroupMan.cc:424] Download GID#fc63a657f0bcb685 not complete: /tmp/tmp.04Qt7XemVJ/BLOCK/kodopenguin_android
2026-09-27 17:52:57.706936 [ERROR] [AbstractCommand.cc:401] CUID#258 - Download aborted. URI=https://raw.githubusercontent.com/KodoPengin/GameIndustry-hosts-Template/master/Gaming-Full-Template/hosts
Exception: [AbstractCommand.cc:403] errorCode=4 URI=https://raw.githubusercontent.com/KodoPengin/GameIndustry-hosts-Template/master/Gaming-Full-Template/hosts
  -> [RequestGroup.cc:1266] errorCode=4 Reached max-file-not-found count=1
2026-09-27 17:52:57.707017 [NOTICE] [RequestGroupMan.cc:424] Download GID#d8239665ee8a10ef not complete: /tmp/tmp.04Qt7XemVJ/BLOCK/kodopenguin_gaming
2026-09-27 17:52:57.723390 [ERROR] [AbstractCommand.cc:401] CUID#259 - Download aborted. URI=https://raw.githubusercontent.com/KodoPengin/GameIndustry-hosts-Template/master/Main-Template/hosts
Exception: [AbstractCommand.cc:403] errorCode=4 URI=https://raw.githubusercontent.com/KodoPengin/GameIndustry-hosts-Template/master/Main-Template/hosts
  -> [RequestGroup.cc:1266] errorCode=4 Reached max-file-not-found count=1
2026-09-27 17:52:57.723478 [NOTICE] [RequestGroupMan.cc:424] Download GID#e74df1163d2b4652 not complete: /tmp/tmp.04Qt7XemVJ/BLOCK/kodopenguin_main
2026-09-27 17:52:57.727187 [NOTICE] [RequestGroup.cc:1214] Download complete: /tmp/tmp.04Qt7XemVJ/BLOCK/jeroengui_malware_domains
2026-09-27 17:52:57.733571 [NOTICE] [RequestGroup.cc:1214] Download complete: /tmp/tmp.04Qt7XemVJ/BLOCK/jeroengui_phishing_domains
2026-09-27 17:52:57.737356 [NOTICE] [RequestGroup.cc:1214] Download complete: /tmp/tmp.04Qt7XemVJ/BLOCK/jeroengui_malware_ips
2026-09-27 17:52:57.754398 [NOTICE] [RequestGroup.cc:1214] Download complete: /tmp/tmp.04Qt7XemVJ/BLOCK/jeroengui_phishing_ips
2026-09-27 17:52:57.765497 [NOTICE] [RequestGroup.cc:1214] Download complete: /tmp/tmp.04Qt7XemVJ/BLOCK/honeynet_asia_smbd
2026-09-27 17:52:57.778676 [NOTICE] [RequestGroup.cc:1214] Download complete: /tmp/tmp.04Qt7XemVJ/BLOCK/jeroengui_scam_domains
2026-09-27 17:52:57.790090 [NOTICE] [RequestGroup.cc:1214] Download complete: /tmp/tmp.04Qt7XemVJ/BLOCK/jeroengui_scam_ips
2026-09-27 17:52:57.799067 [NOTICE] [RequestGroup.cc:1214] Download complete: /tmp/tmp.04Qt7XemVJ/BLOCK/lightswitch_facebook
2026-09-27 17:52:57.812930 [NOTICE] [RequestGroup.cc:1214] Download complete: /tmp/tmp.04Qt7XemVJ/BLOCK/lightswitch_amp_hosts
2026-09-27 17:52:57.813984 [NOTICE] [RequestGroup.cc:1214] Download complete: /tmp/tmp.04Qt7XemVJ/BLOCK/jeroengui_web_shell_domains
2026-09-27 17:52:57.814447 [NOTICE] [RequestGroup.cc:1214] Download complete: /tmp/tmp.04Qt7XemVJ/BLOCK/lightswitch_hate_and_junk
2026-09-27 17:52:57.842930 [ERROR] [AbstractCommand.cc:401] CUID#266 - Download aborted. URI=https://raw.githubusercontent.com/List-KR/List-KR/refs/heads/master/adblocking/filters-share/1st_domains.txt
Exception: [AbstractCommand.cc:403] errorCode=4 URI=https://raw.githubusercontent.com/List-KR/List-KR/refs/heads/master/adblocking/filters-share/1st_domains.txt
  -> [RequestGroup.cc:1266] errorCode=4 Reached max-file-not-found count=1
2026-09-27 17:52:57.843010 [NOTICE] [RequestGroupMan.cc:424] Download GID#5577f4a3cc3bf69f not complete: /tmp/tmp.04Qt7XemVJ/BLOCK/listkr_adblocking_first_domains
2026-09-27 17:52:57.847796 [ERROR] [AbstractCommand.cc:401] CUID#267 - Download aborted. URI=https://raw.githubusercontent.com/List-KR/List-KR/refs/heads/master/adblocking/filters-share/3rd_domains.txt
Exception: [AbstractCommand.cc:403] errorCode=4 URI=https://raw.githubusercontent.com/List-KR/List-KR/refs/heads/master/adblocking/filters-share/3rd_domains.txt
  -> [RequestGroup.cc:1266] errorCode=4 Reached max-file-not-found count=1
2026-09-27 17:52:57.847868 [NOTICE] [RequestGroupMan.cc:424] Download GID#ed6a8eb9c1a84dbc not complete: /tmp/tmp.04Qt7XemVJ/BLOCK/listkr_adblocking_third_domains
2026-09-27 17:52:57.861501 [NOTICE] [RequestGroup.cc:1214] Download complete: /tmp/tmp.04Qt7XemVJ/BLOCK/lightswitch_dating
2026-09-27 17:52:57.864821 [ERROR] [AbstractCommand.cc:401] CUID#270 - Download aborted. URI=https://raw.githubusercontent.com/List-KR/List-KR/refs/heads/master/annoyance/filters-share/1st_domains.txt
Exception: [AbstractCommand.cc:403] errorCode=4 URI=https://raw.githubusercontent.com/List-KR/List-KR/refs/heads/master/annoyance/filters-share/1st_domains.txt
  -> [RequestGroup.cc:1266] errorCode=4 Reached max-file-not-found count=1
2026-09-27 17:52:57.864932 [NOTICE] [RequestGroupMan.cc:424] Download GID#76669aff0c6935f7 not complete: /tmp/tmp.04Qt7XemVJ/BLOCK/listkr_annoyance_first_domains
2026-09-27 17:52:57.865845 [ERROR] [AbstractCommand.cc:401] CUID#271 - Download aborted. URI=https://raw.githubusercontent.com/List-KR/List-KR/refs/heads/master/annoyance/filters-share/3rd_domains.txt
Exception: [AbstractCommand.cc:403] errorCode=4 URI=https://raw.githubusercontent.com/List-KR/List-KR/refs/heads/master/annoyance/filters-share/3rd_domains.txt
  -> [RequestGroup.cc:1266] errorCode=4 Reached max-file-not-found count=1
2026-09-27 17:52:57.865929 [NOTICE] [RequestGroupMan.cc:424] Download GID#1e2148e9527d0faa not complete: /tmp/tmp.04Qt7XemVJ/BLOCK/listkr_annoyance_third_domains
2026-09-27 17:52:57.867391 [ERROR] [AbstractCommand.cc:401] CUID#268 - Download aborted. URI=https://raw.githubusercontent.com/List-KR/List-KR/refs/heads/master/analytics/filters-share/1st_domains.txt
Exception: [AbstractCommand.cc:403] errorCode=4 URI=https://raw.githubusercontent.com/List-KR/List-KR/refs/heads/master/analytics/filters-share/1st_domains.txt
  -> [RequestGroup.cc:1266] errorCode=4 Reached max-file-not-found count=1
2026-09-27 17:52:57.867479 [NOTICE] [RequestGroupMan.cc:424] Download GID#6b3bb93710a49bea not complete: /tmp/tmp.04Qt7XemVJ/BLOCK/listkr_analytics_first_domains
2026-09-27 17:52:57.876572 [ERROR] [AbstractCommand.cc:401] CUID#269 - Download aborted. URI=https://raw.githubusercontent.com/List-KR/List-KR/refs/heads/master/analytics/filters-share/3rd_domains.txt
Exception: [AbstractCommand.cc:403] errorCode=4 URI=https://raw.githubusercontent.com/List-KR/List-KR/refs/heads/master/analytics/filters-share/3rd_domains.txt
  -> [RequestGroup.cc:1266] errorCode=4 Reached max-file-not-found count=1
2026-09-27 17:52:57.876674 [NOTICE] [RequestGroupMan.cc:424] Download GID#0a01d4c4856ee4e1 not complete: /tmp/tmp.04Qt7XemVJ/BLOCK/listkr_analytics_third_domains
2026-09-27 17:52:57.898849 [ERROR] [AbstractCommand.cc:401] CUID#274 - Download aborted. URI=https://raw.githubusercontent.com/logroid/adaway-hosts/master/hosts.txt
Exception: [AbstractCommand.cc:403] errorCode=4 URI=https://raw.githubusercontent.com/logroid/adaway-hosts/master/hosts.txt
  -> [RequestGroup.cc:1266] errorCode=4 Reached max-file-not-found count=1
2026-09-27 17:52:57.898995 [NOTICE] [RequestGroupMan.cc:424] Download GID#bb1d5b05ed302050 not complete: /tmp/tmp.04Qt7XemVJ/BLOCK/logroid
2026-09-27 17:52:57.899577 [ERROR] [AbstractCommand.cc:349] CUID#276 - Download aborted. URI=http://phishing.mailscanner.info/phishing.bad.sites.conf
Exception: [AbstractCommand.cc:351] errorCode=22 URI=http://phishing.mailscanner.info/phishing.bad.sites.conf
  -> [HttpSkipResponseCommand.cc:239] errorCode=22 The response status is not successful. status=403
2026-09-27 17:52:57.899650 [NOTICE] [RequestGroupMan.cc:424] Download GID#f2adb73d7b443a83 not complete: /tmp/tmp.04Qt7XemVJ/BLOCK/mailscanner_bad_phishing
2026-09-27 17:52:57.922840 [NOTICE] [RequestGroup.cc:1214] Download complete: /tmp/tmp.04Qt7XemVJ/BLOCK/lightswitch_tracking_aggressive
2026-09-27 17:52:57.923702 [NOTICE] [RequestGroup.cc:1214] Download complete: /tmp/tmp.04Qt7XemVJ/BLOCK/jeroengui_web_shell_ips
2026-09-27 17:52:57.938327 [ERROR] [AbstractCommand.cc:401] CUID#281 - Download aborted. URI=https://raw.githubusercontent.com/stamparm/aux/master/maltrail-malware-domains.txt
Exception: [AbstractCommand.cc:403] errorCode=4 URI=https://raw.githubusercontent.com/stamparm/aux/master/maltrail-malware-domains.txt
  -> [RequestGroup.cc:1266] errorCode=4 Reached max-file-not-found count=1
2026-09-27 17:52:57.938418 [NOTICE] [RequestGroupMan.cc:424] Download GID#d8e78e230cd0e8f6 not complete: /tmp/tmp.04Qt7XemVJ/BLOCK/maltrail_domains
2026-09-27 17:52:57.955994 [NOTICE] [RequestGroup.cc:1214] Download complete: /tmp/tmp.04Qt7XemVJ/BLOCK/littlecordines_general
2026-09-27 17:52:57.961536 [NOTICE] [RequestGroup.cc:1214] Download complete: /tmp/tmp.04Qt7XemVJ/BLOCK/littlecordines_porn
2026-09-27 17:52:57.962011 [ERROR] [AbstractCommand.cc:401] CUID#282 - Download aborted. URI=https://raw.githubusercontent.com/stamparm/aux/master/fetch-some-list.txt
Exception: [AbstractCommand.cc:403] errorCode=4 URI=https://raw.githubusercontent.com/stamparm/aux/master/fetch-some-list.txt
  -> [RequestGroup.cc:1266] errorCode=4 Reached max-file-not-found count=1
2026-09-27 17:52:57.962110 [NOTICE] [RequestGroupMan.cc:424] Download GID#a3686a447131d9bd not complete: /tmp/tmp.04Qt7XemVJ/BLOCK/maltrail_ips
2026-09-27 17:52:57.979136 [NOTICE] [RequestGroup.cc:1214] Download complete: /tmp/tmp.04Qt7XemVJ/BLOCK/metamask
2026-09-27 17:52:57.979847 [NOTICE] [RequestGroup.cc:1214] Download complete: /tmp/tmp.04Qt7XemVJ/BLOCK/lukes_list
2026-09-27 17:52:58.010000 [NOTICE] [RequestGroup.cc:1214] Download complete: /tmp/tmp.04Qt7XemVJ/BLOCK/malware_discoverer
2026-09-27 17:52:58.014320 [NOTICE] [RequestGroup.cc:1214] Download complete: /tmp/tmp.04Qt7XemVJ/BLOCK/marktron_fakenews
2026-09-27 17:52:58.016696 [NOTICE] [RequestGroup.cc:1214] Download complete: /tmp/tmp.04Qt7XemVJ/BLOCK/matomo
2026-09-27 17:52:58.035571 [ERROR] [AbstractCommand.cc:401] CUID#291 - Download aborted. URI=https://raw.githubusercontent.com/miriquidi/dns-block-lists/main/block.txt
Exception: [AbstractCommand.cc:403] errorCode=4 URI=https://raw.githubusercontent.com/miriquidi/dns-block-lists/main/block.txt
  -> [RequestGroup.cc:1266] errorCode=4 Reached max-file-not-found count=1
2026-09-27 17:52:58.035664 [NOTICE] [RequestGroupMan.cc:424] Download GID#780b88c00852cea9 not complete: /tmp/tmp.04Qt7XemVJ/BLOCK/miriquidi
2026-09-27 17:52:58.066082 [NOTICE] [RequestGroup.cc:1214] Download complete: /tmp/tmp.04Qt7XemVJ/BLOCK/majkiit_hostfile
2026-09-27 17:52:58.081847 [NOTICE] [RequestGroup.cc:1214] Download complete: /tmp/tmp.04Qt7XemVJ/BLOCK/mobiletrackers_list
2026-09-27 17:52:58.096552 [NOTICE] [RequestGroup.cc:1214] Download complete: /tmp/tmp.04Qt7XemVJ/BLOCK/malsilo
2026-09-27 17:52:58.110057 [NOTICE] [RequestGroup.cc:1214] Download complete: /tmp/tmp.04Qt7XemVJ/BLOCK/minecraft_hosts
2026-09-27 17:52:58.111624 [NOTICE] [RequestGroup.cc:1214] Download complete: /tmp/tmp.04Qt7XemVJ/BLOCK/msedge
2026-09-27 17:52:58.125246 [NOTICE] [RequestGroup.cc:1214] Download complete: /tmp/tmp.04Qt7XemVJ/BLOCK/mobiletrackers_windows
2026-09-27 17:52:58.133106 [NOTICE] [RequestGroup.cc:1214] Download complete: /tmp/tmp.04Qt7XemVJ/BLOCK/mochifilter_dns
2026-09-27 17:52:58.137868 [NOTICE] [RequestGroup.cc:1214] Download complete: /tmp/tmp.04Qt7XemVJ/BLOCK/nextdns_tracking_alexa
2026-09-27 17:52:58.142897 [NOTICE] [RequestGroup.cc:1214] Download complete: /tmp/tmp.04Qt7XemVJ/BLOCK/neo23x0
2026-09-27 17:52:58.144469 [NOTICE] [RequestGroup.cc:1214] Download complete: /tmp/tmp.04Qt7XemVJ/BLOCK/nextdns_tracking_apple
2026-09-27 17:52:58.148740 [ERROR] [AbstractCommand.cc:401] CUID#297 - Download aborted. URI=https://raw.githubusercontent.com/nextdns/cname-cloaking-blocklist/master/domains
Exception: [AbstractCommand.cc:403] errorCode=4 URI=https://raw.githubusercontent.com/nextdns/cname-cloaking-blocklist/master/domains
  -> [RequestGroup.cc:1266] errorCode=4 Reached max-file-not-found count=1
2026-09-27 17:52:58.148803 [NOTICE] [RequestGroupMan.cc:424] Download GID#3ff20fd596fc740c not complete: /tmp/tmp.04Qt7XemVJ/BLOCK/nextdns_cname_cloaking
2026-09-27 17:52:58.151107 [NOTICE] [RequestGroup.cc:1214] Download complete: /tmp/tmp.04Qt7XemVJ/BLOCK/nextdns_tracking_huawei
2026-09-27 17:52:58.155851 [NOTICE] [RequestGroup.cc:1214] Download complete: /tmp/tmp.04Qt7XemVJ/BLOCK/nextdns_tracking_sonos
2026-09-27 17:52:58.164725 [NOTICE] [RequestGroup.cc:1214] Download complete: /tmp/tmp.04Qt7XemVJ/BLOCK/nextdns_tracking_windows
2026-09-27 17:52:58.167892 [NOTICE] [RequestGroup.cc:1214] Download complete: /tmp/tmp.04Qt7XemVJ/BLOCK/nextdns_tracking_samsung
2026-09-27 17:52:58.169340 [NOTICE] [RequestGroup.cc:1214] Download complete: /tmp/tmp.04Qt7XemVJ/BLOCK/nextdns_tracking_xiaomi
2026-09-27 17:52:58.174645 [NOTICE] [RequestGroup.cc:1214] Download complete: /tmp/tmp.04Qt7XemVJ/BLOCK/nocoin
2026-09-27 17:52:58.188150 [NOTICE] [RequestGroup.cc:1214] Download complete: /tmp/tmp.04Qt7XemVJ/BLOCK/nextdns_no_safesearch
2026-09-27 17:52:58.192408 [NOTICE] [RequestGroup.cc:1214] Download complete: /tmp/tmp.04Qt7XemVJ/BLOCK/nextdns_tracking_roku
2026-09-27 17:52:58.253874 [NOTICE] [RequestGroup.cc:1214] Download complete: /tmp/tmp.04Qt7XemVJ/BLOCK/migueldemoura_malware
2026-09-27 17:52:58.280318 [NOTICE] [RequestGroup.cc:1214] Download complete: /tmp/tmp.04Qt7XemVJ/BLOCK/migueldemoura_ads
2026-09-27 17:52:58.281477 [NOTICE] [RequestGroup.cc:1214] Download complete: /tmp/tmp.04Qt7XemVJ/BLOCK/not_on_my_shift
2026-09-27 17:52:58.317872 [NOTICE] [RequestGroup.cc:1214] Download complete: /tmp/tmp.04Qt7XemVJ/BLOCK/nolovia_government
2026-09-27 17:52:58.454363 [NOTICE] [RequestGroup.cc:1214] Download complete: /tmp/tmp.04Qt7XemVJ/BLOCK/lightswitch_ads_and_tracking
2026-09-27 17:52:58.463033 [NOTICE] [RequestGroup.cc:1214] Download complete: /tmp/tmp.04Qt7XemVJ/BLOCK/majkiit_hole_cert
2026-09-27 17:52:58.466397 [NOTICE] [RequestGroup.cc:1214] Download complete: /tmp/tmp.04Qt7XemVJ/BLOCK/no_qanon
2026-09-27 17:52:58.473470 [ERROR] [AbstractCommand.cc:401] CUID#312 - Download aborted. URI=https://quidsup.net/notrack/blocklist.php?download=annoyancedomains
Exception: [AbstractCommand.cc:403] errorCode=4 URI=https://quidsup.net/notrack/blocklist.php?download=annoyancedomains
  -> [RequestGroup.cc:1266] errorCode=4 Reached max-file-not-found count=1
2026-09-27 17:52:58.473548 [NOTICE] [RequestGroupMan.cc:424] Download GID#655fa01b5e19b9c0 not complete: /tmp/tmp.04Qt7XemVJ/BLOCK/notrack_annoyance
2026-09-27 17:52:58.476785 [NOTICE] [RequestGroup.cc:1214] Download complete: /tmp/tmp.04Qt7XemVJ/BLOCK/openphish
2026-09-27 17:52:58.501499 [NOTICE] [RequestGroup.cc:1214] Download complete: /tmp/tmp.04Qt7XemVJ/BLOCK/notrack_malware
2026-09-27 17:52:58.503742 [ERROR] [AbstractCommand.cc:349] CUID#310 - Download aborted. URI=https://codeberg.org/allendema/NoPlayList/raw/branch/main/NoPlayList.txt
Exception: [AbstractCommand.cc:351] errorCode=22 URI=https://codeberg.org/allendema/NoPlayList/raw/branch/main/NoPlayList.txt
  -> [HttpSkipResponseCommand.cc:239] errorCode=22 The response status is not successful. status=403
2026-09-27 17:52:58.518766 [ERROR] [AbstractCommand.cc:401] CUID#315 - Download aborted. URI=https://quidsup.net/notrack/blocklist.php?download=trackersdomains
Exception: [AbstractCommand.cc:403] errorCode=4 URI=https://quidsup.net/notrack/blocklist.php?download=trackersdomains
  -> [RequestGroup.cc:1266] errorCode=4 Reached max-file-not-found count=1
2026-09-27 17:52:58.518856 [NOTICE] [RequestGroupMan.cc:424] Download GID#229b85aa8a9eb567 not complete: /tmp/tmp.04Qt7XemVJ/BLOCK/notrack_trackers
2026-09-27 17:52:58.523098 [NOTICE] [RequestGroup.cc:1214] Download complete: /tmp/tmp.04Qt7XemVJ/BLOCK/notrack_tracker_radar
2026-09-27 17:52:58.544024 [NOTICE] [RequestGroup.cc:1214] Download complete: /tmp/tmp.04Qt7XemVJ/BLOCK/perflyst_android_tracking
2026-09-27 17:52:58.559738 [NOTICE] [RequestGroup.cc:1214] Download complete: /tmp/tmp.04Qt7XemVJ/BLOCK/perflyst_amazon_fire_tv
2026-09-27 17:52:58.564503 [NOTICE] [RequestGroup.cc:1214] Download complete: /tmp/tmp.04Qt7XemVJ/BLOCK/perflyst_smart_tv
2026-09-27 17:52:58.571412 [NOTICE] [RequestGroup.cc:1214] Download complete: /tmp/tmp.04Qt7XemVJ/BLOCK/noplaylist
2026-09-27 17:52:58.596516 [NOTICE] [HttpResponse.cc:168] CUID#290 - Redirecting to https://www.poonsap-thaimassage.de/about/
2026-09-27 17:52:58.598852 [NOTICE] [RequestGroup.cc:1214] Download complete: /tmp/tmp.04Qt7XemVJ/BLOCK/perflyst_session_replay
2026-09-27 17:52:58.655759 [NOTICE] [RequestGroup.cc:1214] Download complete: /tmp/tmp.04Qt7XemVJ/BLOCK/phishfort
2026-09-27 17:52:58.670707 [NOTICE] [RequestGroup.cc:1214] Download complete: /tmp/tmp.04Qt7XemVJ/BLOCK/ph00lt0
2026-09-27 17:52:58.732607 [NOTICE] [RequestGroup.cc:1214] Download complete: /tmp/tmp.04Qt7XemVJ/BLOCK/phishing_db_add_domain
2026-09-27 17:52:58.750511 [NOTICE] [RequestGroup.cc:1214] Download complete: /tmp/tmp.04Qt7XemVJ/BLOCK/makopi
2026-09-27 17:52:58.810969 [NOTICE] [RequestGroup.cc:1214] Download complete: /tmp/tmp.04Qt7XemVJ/BLOCK/opendbl_cisco_talos
2026-09-27 17:52:58.817880 [NOTICE] [HttpResponse.cc:168] CUID#333 - Redirecting to https://cdn.phishtank.com/datadumps/verified_online.csv?Expires=1790531563&Signature=DfJNGE4~UkOZ69itr3Vm64qWTKgrET9czMb53DW8GypHV2qnU7ve63xchIyM0StSRprhH~OYo0UZME~RD8BHmzdqKAIx8Qgh~lF33OboJHxIQIx8~OYQFgTvmwKTb-uCxzP-d~3JNocGOOQbfrXc5DNfLuHUMWfJrfZKzPM-YvDv-mlyHMMqzixHVk~QK8r0k76UEf4BvSVRX4PGSmuh~NCl6BYcXohr6B1LO-qw2gQJBXjxhSy8iFhr7XmHMfi8HUhbAsPqBCJUoyS8nKLdBVZNXBR1i92ZDANZHnMZ7FcUuceGj8w~ekOzFBn8OfAsSzJKRVC~-u6XBVd7qJB5~g__&Key-Pair-Id=APKAILB45UG3RB4CSOJA
2026-09-27 17:52:58.836039 [ERROR] [AbstractCommand.cc:401] CUID#332 - Download aborted. URI=https://phishstats.info/phish_score.csv
Exception: [AbstractCommand.cc:403] errorCode=4 URI=https://phishstats.info/phish_score.csv
  -> [RequestGroup.cc:1266] errorCode=4 Reached max-file-not-found count=1
2026-09-27 17:52:58.836118 [NOTICE] [RequestGroupMan.cc:424] Download GID#ff61d79bfbfce69b not complete: /tmp/tmp.04Qt7XemVJ/BLOCK/phishstats
2026-09-27 17:52:58.951883 [NOTICE] [HttpResponse.cc:168] CUID#338 - Redirecting to https://cdn.phishtank.com/datadumps/verified_online.csv?Expires=1790531563&Signature=DfJNGE4~UkOZ69itr3Vm64qWTKgrET9czMb53DW8GypHV2qnU7ve63xchIyM0StSRprhH~OYo0UZME~RD8BHmzdqKAIx8Qgh~lF33OboJHxIQIx8~OYQFgTvmwKTb-uCxzP-d~3JNocGOOQbfrXc5DNfLuHUMWfJrfZKzPM-YvDv-mlyHMMqzixHVk~QK8r0k76UEf4BvSVRX4PGSmuh~NCl6BYcXohr6B1LO-qw2gQJBXjxhSy8iFhr7XmHMfi8HUhbAsPqBCJUoyS8nKLdBVZNXBR1i92ZDANZHnMZ7FcUuceGj8w~ekOzFBn8OfAsSzJKRVC~-u6XBVd7qJB5~g__&Key-Pair-Id=APKAILB45UG3RB4CSOJA
2026-09-27 17:52:58.951915 [NOTICE] [HttpResponse.cc:168] CUID#339 - Redirecting to https://cdn.phishtank.com/datadumps/verified_online.csv?Expires=1790531563&Signature=DfJNGE4~UkOZ69itr3Vm64qWTKgrET9czMb53DW8GypHV2qnU7ve63xchIyM0StSRprhH~OYo0UZME~RD8BHmzdqKAIx8Qgh~lF33OboJHxIQIx8~OYQFgTvmwKTb-uCxzP-d~3JNocGOOQbfrXc5DNfLuHUMWfJrfZKzPM-YvDv-mlyHMMqzixHVk~QK8r0k76UEf4BvSVRX4PGSmuh~NCl6BYcXohr6B1LO-qw2gQJBXjxhSy8iFhr7XmHMfi8HUhbAsPqBCJUoyS8nKLdBVZNXBR1i92ZDANZHnMZ7FcUuceGj8w~ekOzFBn8OfAsSzJKRVC~-u6XBVd7qJB5~g__&Key-Pair-Id=APKAILB45UG3RB4CSOJA
2026-09-27 17:52:58.952499 [NOTICE] [HttpResponse.cc:168] CUID#337 - Redirecting to https://cdn.phishtank.com/datadumps/verified_online.csv?Expires=1790531563&Signature=DfJNGE4~UkOZ69itr3Vm64qWTKgrET9czMb53DW8GypHV2qnU7ve63xchIyM0StSRprhH~OYo0UZME~RD8BHmzdqKAIx8Qgh~lF33OboJHxIQIx8~OYQFgTvmwKTb-uCxzP-d~3JNocGOOQbfrXc5DNfLuHUMWfJrfZKzPM-YvDv-mlyHMMqzixHVk~QK8r0k76UEf4BvSVRX4PGSmuh~NCl6BYcXohr6B1LO-qw2gQJBXjxhSy8iFhr7XmHMfi8HUhbAsPqBCJUoyS8nKLdBVZNXBR1i92ZDANZHnMZ7FcUuceGj8w~ekOzFBn8OfAsSzJKRVC~-u6XBVd7qJB5~g__&Key-Pair-Id=APKAILB45UG3RB4CSOJA
2026-09-27 17:52:58.972631 [NOTICE] [HttpResponse.cc:168] CUID#339 - Redirecting to https://cdn.phishtank.com/datadumps/verified_online.csv?Expires=1790531563&Signature=DfJNGE4~UkOZ69itr3Vm64qWTKgrET9czMb53DW8GypHV2qnU7ve63xchIyM0StSRprhH~OYo0UZME~RD8BHmzdqKAIx8Qgh~lF33OboJHxIQIx8~OYQFgTvmwKTb-uCxzP-d~3JNocGOOQbfrXc5DNfLuHUMWfJrfZKzPM-YvDv-mlyHMMqzixHVk~QK8r0k76UEf4BvSVRX4PGSmuh~NCl6BYcXohr6B1LO-qw2gQJBXjxhSy8iFhr7XmHMfi8HUhbAsPqBCJUoyS8nKLdBVZNXBR1i92ZDANZHnMZ7FcUuceGj8w~ekOzFBn8OfAsSzJKRVC~-u6XBVd7qJB5~g__&Key-Pair-Id=APKAILB45UG3RB4CSOJA
2026-09-27 17:52:58.975233 [NOTICE] [RequestGroup.cc:1214] Download complete: /tmp/tmp.04Qt7XemVJ/BLOCK/phishunt
2026-09-27 17:52:59.024484 [NOTICE] [HttpResponse.cc:168] CUID#290 - Redirecting to https://www.poonsap-thaimassage.de/
2026-09-27 17:52:59.054902 [NOTICE] [RequestGroup.cc:1214] Download complete: /tmp/tmp.04Qt7XemVJ/BLOCK/palemoon
2026-09-27 17:52:59.064410 [NOTICE] [RequestGroup.cc:1214] Download complete: /tmp/tmp.04Qt7XemVJ/BLOCK/orthrus_blocklist
2026-09-27 17:52:59.152260 [NOTICE] [RequestGroup.cc:1214] Download complete: /tmp/tmp.04Qt7XemVJ/BLOCK/phishtank
2026-09-27 17:52:59.173492 [NOTICE] [RequestGroup.cc:1214] Download complete: /tmp/tmp.04Qt7XemVJ/BLOCK/phishing_army
2026-09-27 17:52:59.188813 [NOTICE] [RequestGroup.cc:1214] Download complete: /tmp/tmp.04Qt7XemVJ/BLOCK/privacy_badger
2026-09-27 17:52:59.317481 [NOTICE] [HttpResponse.cc:168] CUID#290 - Redirecting to https://extension.support/
2026-09-27 17:52:59.466556 [NOTICE] [RequestGroup.cc:1214] Download complete: /tmp/tmp.04Qt7XemVJ/BLOCK/npc_hosts
2026-09-27 17:52:59.576445 [NOTICE] [RequestGroup.cc:1214] Download complete: /tmp/tmp.04Qt7XemVJ/BLOCK/quantum_part_2
2026-09-27 17:52:59.654877 [NOTICE] [HttpResponse.cc:168] CUID#290 - Redirecting to https://daga88.express/
2026-09-27 17:52:59.716044 [NOTICE] [RequestGroup.cc:1214] Download complete: /tmp/tmp.04Qt7XemVJ/BLOCK/pop3gropers
2026-09-27 17:52:59.914838 [NOTICE] [HttpResponse.cc:168] CUID#290 - Redirecting to https://teyes.plus/
2026-09-27 17:52:59.944071 [NOTICE] [RequestGroup.cc:1214] Download complete: /tmp/tmp.04Qt7XemVJ/BLOCK/phishing_db_all_domains
2026-09-27 17:52:59.958771 [NOTICE] [RequestGroup.cc:1214] Download complete: /tmp/tmp.04Qt7XemVJ/BLOCK/red_flag_domains
2026-09-27 17:52:59.967743 [NOTICE] [RequestGroup.cc:1214] Download complete: /tmp/tmp.04Qt7XemVJ/BLOCK/qme
2026-09-27 17:53:00.006813 [NOTICE] [RequestGroup.cc:1214] Download complete: /tmp/tmp.04Qt7XemVJ/BLOCK/rooneymcnibnug_snafu
2026-09-27 17:53:00.117232 [NOTICE] [RequestGroup.cc:1214] Download complete: /tmp/tmp.04Qt7XemVJ/BLOCK/quantum_part_1
2026-09-27 17:53:00.169879 [NOTICE] [RequestGroup.cc:1214] Download complete: /tmp/tmp.04Qt7XemVJ/BLOCK/rolist
2026-09-27 17:53:00.170086 [NOTICE] [HttpResponse.cc:168] CUID#290 - Redirecting to https://ubobet-rusuntogel.store/
2026-09-27 17:53:00.232579 [ERROR] [AbstractCommand.cc:401] CUID#372 - Download aborted. URI=https://rescure.me/covid.txt
Exception: [AbstractCommand.cc:403] errorCode=4 URI=https://rescure.me/covid.txt
  -> [RequestGroup.cc:1266] errorCode=4 Reached max-file-not-found count=1
2026-09-27 17:53:00.232664 [NOTICE] [RequestGroupMan.cc:424] Download GID#d21be78a01f7aca7 not complete: /tmp/tmp.04Qt7XemVJ/BLOCK/rescure_covid
2026-09-27 17:53:00.239611 [NOTICE] [RequestGroup.cc:1214] Download complete: /tmp/tmp.04Qt7XemVJ/BLOCK/rpilist_ms_office
2026-09-27 17:53:00.286971 [NOTICE] [RequestGroup.cc:1214] Download complete: /tmp/tmp.04Qt7XemVJ/BLOCK/rpilist_ms_telemetry
2026-09-27 17:53:00.312941 [NOTICE] [RequestGroup.cc:1214] Download complete: /tmp/tmp.04Qt7XemVJ/BLOCK/rpilist_phishing
2026-09-27 17:53:00.336309 [NOTICE] [RequestGroup.cc:1214] Download complete: /tmp/tmp.04Qt7XemVJ/BLOCK/rpilist_fake_science
2026-09-27 17:53:00.348966 [ERROR] [AbstractCommand.cc:401] CUID#373 - Download aborted. URI=https://rescure.me/rescure_domain_blacklist.txt
Exception: [AbstractCommand.cc:403] errorCode=4 URI=https://rescure.me/rescure_domain_blacklist.txt
  -> [RequestGroup.cc:1266] errorCode=4 Reached max-file-not-found count=1
2026-09-27 17:53:00.349047 [NOTICE] [RequestGroupMan.cc:424] Download GID#78761ece01b00f45 not complete: /tmp/tmp.04Qt7XemVJ/BLOCK/rescure_malicious_domains
2026-09-27 17:53:00.396808 [NOTICE] [RequestGroup.cc:1214] Download complete: /tmp/tmp.04Qt7XemVJ/BLOCK/rutgers
2026-09-27 17:53:00.441029 [NOTICE] [RequestGroup.cc:1214] Download complete: /tmp/tmp.04Qt7XemVJ/BLOCK/rolist2
2026-09-27 17:53:00.459747 [ERROR] [AbstractCommand.cc:401] CUID#374 - Download aborted. URI=https://rescure.me/rescure_blacklist.txt
Exception: [AbstractCommand.cc:403] errorCode=4 URI=https://rescure.me/rescure_blacklist.txt
  -> [RequestGroup.cc:1266] errorCode=4 Reached max-file-not-found count=1
2026-09-27 17:53:00.460625 [NOTICE] [RequestGroupMan.cc:424] Download GID#7c19e482d7b90c0b not complete: /tmp/tmp.04Qt7XemVJ/BLOCK/rescure_malicious_ips
2026-09-27 17:53:00.466789 [ERROR] [AbstractCommand.cc:401] CUID#388 - Download aborted. URI=https://raw.githubusercontent.com/no-cmyk/Search-Engine-Spam-Blocklist/master/blocklist.txt
Exception: [AbstractCommand.cc:403] errorCode=4 URI=https://raw.githubusercontent.com/no-cmyk/Search-Engine-Spam-Blocklist/master/blocklist.txt
  -> [RequestGroup.cc:1266] errorCode=4 Reached max-file-not-found count=1
2026-09-27 17:53:00.466899 [NOTICE] [RequestGroupMan.cc:424] Download GID#f64e675df20115cb not complete: /tmp/tmp.04Qt7XemVJ/BLOCK/search_engine_spam
2026-09-27 17:53:00.475031 [NOTICE] [HttpResponse.cc:168] CUID#290 - Redirecting to https://www.hsycm.net/
2026-09-27 17:53:00.483964 [NOTICE] [RequestGroup.cc:1214] Download complete: /tmp/tmp.04Qt7XemVJ/BLOCK/rpilist_notserious
2026-09-27 17:53:00.509635 [NOTICE] [RequestGroup.cc:1214] Download complete: /tmp/tmp.04Qt7XemVJ/BLOCK/scafroglia93
2026-09-27 17:53:00.517562 [NOTICE] [RequestGroup.cc:1214] Download complete: /tmp/tmp.04Qt7XemVJ/BLOCK/rpilist_corona
2026-09-27 17:53:00.524611 [NOTICE] [RequestGroup.cc:1214] Download complete: /tmp/tmp.04Qt7XemVJ/BLOCK/shady_hosts
2026-09-27 17:53:00.526604 [NOTICE] [HttpResponse.cc:168] CUID#290 - Redirecting to https://realestateagents.direct/
2026-09-27 17:53:00.539235 [NOTICE] [RequestGroup.cc:1214] Download complete: /tmp/tmp.04Qt7XemVJ/BLOCK/sinfonietta_porn
2026-09-27 17:53:00.556759 [NOTICE] [RequestGroup.cc:1214] Download complete: /tmp/tmp.04Qt7XemVJ/BLOCK/sinfonietta_gambling
2026-09-27 17:53:00.561989 [NOTICE] [HttpResponse.cc:168] CUID#290 - Redirecting to https://komplex-web.dev/
2026-09-27 17:53:00.573226 [NOTICE] [RequestGroup.cc:1214] Download complete: /tmp/tmp.04Qt7XemVJ/BLOCK/sinfonietta_snuff
2026-09-27 17:53:00.624951 [NOTICE] [RequestGroup.cc:1214] Download complete: /tmp/tmp.04Qt7XemVJ/BLOCK/snota418
2026-09-27 17:53:00.683795 [NOTICE] [RequestGroup.cc:1214] Download complete: /tmp/tmp.04Qt7XemVJ/BLOCK/soteria_nou_ads
2026-09-27 17:53:00.692595 [NOTICE] [HttpResponse.cc:168] CUID#290 - Redirecting to https://archetyp.bz/
2026-09-27 17:53:00.729185 [NOTICE] [RequestGroup.cc:1214] Download complete: /tmp/tmp.04Qt7XemVJ/BLOCK/soteria_nou_analytics
2026-09-27 17:53:00.730640 [NOTICE] [HttpResponse.cc:168] CUID#395 - Redirecting to https://www.snort.org/downloads/ip-block-list/terms
2026-09-27 17:53:00.740116 [NOTICE] [HttpResponse.cc:168] CUID#290 - Redirecting to https://winevins.de/pt-pt/pages/termos-condicoes
2026-09-27 17:53:00.753557 [NOTICE] [RequestGroup.cc:1214] Download complete: /tmp/tmp.04Qt7XemVJ/BLOCK/sblam
2026-09-27 17:53:00.759876 [NOTICE] [RequestGroup.cc:1214] Download complete: /tmp/tmp.04Qt7XemVJ/BLOCK/soteria_nou_enrichments
2026-09-27 17:53:00.767587 [NOTICE] [RequestGroup.cc:1214] Download complete: /tmp/tmp.04Qt7XemVJ/BLOCK/spam404
2026-09-27 17:53:00.777380 [NOTICE] [RequestGroup.cc:1214] Download complete: /tmp/tmp.04Qt7XemVJ/BLOCK/snort_blocklist
2026-09-27 17:53:00.815583 [NOTICE] [RequestGroup.cc:1214] Download complete: /tmp/tmp.04Qt7XemVJ/BLOCK/honeynet_asia_bruteforce_ssh
2026-09-27 17:53:00.822469 [NOTICE] [RequestGroup.cc:1214] Download complete: /tmp/tmp.04Qt7XemVJ/BLOCK/soteria_nou_fake
2026-09-27 17:53:00.823439 [ERROR] [AbstractCommand.cc:349] CUID#290 - Download aborted. URI=https://mirai.security.gives/data/ip_list.txt
Exception: [AbstractCommand.cc:351] errorCode=19 URI=https://winevins.de/pt-pt/pages/termos-condicoes
  -> [AbstractCommand.cc:789] errorCode=19 CUID#290 - Name resolution for winevins.de failed:Domain name not found
2026-09-27 17:53:00.823553 [NOTICE] [RequestGroupMan.cc:424] Download GID#42d1ba0d9dd8da17 not complete: /tmp/tmp.04Qt7XemVJ/BLOCK/mirai_tracker
2026-09-27 17:53:00.828149 [NOTICE] [RequestGroup.cc:1214] Download complete: /tmp/tmp.04Qt7XemVJ/BLOCK/spamhouse_drop
2026-09-27 17:53:00.829033 [NOTICE] [RequestGroup.cc:1214] Download complete: /tmp/tmp.04Qt7XemVJ/BLOCK/stalkerware_indicators
2026-09-27 17:53:00.841376 [NOTICE] [RequestGroup.cc:1214] Download complete: /tmp/tmp.04Qt7XemVJ/BLOCK/spamhouse_edrop
2026-09-27 17:53:00.846964 [NOTICE] [RequestGroup.cc:1214] Download complete: /tmp/tmp.04Qt7XemVJ/BLOCK/spamhouse_drop_v6
2026-09-27 17:53:00.854065 [NOTICE] [RequestGroup.cc:1214] Download complete: /tmp/tmp.04Qt7XemVJ/BLOCK/soteria_nou_widgets
2026-09-27 17:53:00.920357 [NOTICE] [RequestGroup.cc:1214] Download complete: /tmp/tmp.04Qt7XemVJ/BLOCK/stevenblack
2026-09-27 17:53:00.930438 [NOTICE] [RequestGroup.cc:1214] Download complete: /tmp/tmp.04Qt7XemVJ/BLOCK/stonecrusher_fake_shops
2026-09-27 17:53:00.931615 [NOTICE] [RequestGroup.cc:1214] Download complete: /tmp/tmp.04Qt7XemVJ/BLOCK/stonecrusher_streaming
2026-09-27 17:53:00.933730 [NOTICE] [RequestGroup.cc:1214] Download complete: /tmp/tmp.04Qt7XemVJ/BLOCK/stonecrusher_pseudoscience
2026-09-27 17:53:00.935947 [NOTICE] [RequestGroup.cc:1214] Download complete: /tmp/tmp.04Qt7XemVJ/BLOCK/stonecrusher_problematic_shops
2026-09-27 17:53:01.027246 [NOTICE] [RequestGroup.cc:1214] Download complete: /tmp/tmp.04Qt7XemVJ/BLOCK/t145_domain_blacklist
2026-09-27 17:53:01.045954 [NOTICE] [RequestGroup.cc:1214] Download complete: /tmp/tmp.04Qt7XemVJ/BLOCK/stonecrusher_watchlist
2026-09-27 17:53:01.063777 [NOTICE] [RequestGroup.cc:1214] Download complete: /tmp/tmp.04Qt7XemVJ/BLOCK/stopforumspam_ips
2026-09-27 17:53:01.118179 [NOTICE] [RequestGroup.cc:1214] Download complete: /tmp/tmp.04Qt7XemVJ/BLOCK/th3m3_malware
2026-09-27 17:53:01.144305 [NOTICE] [RequestGroup.cc:1214] Download complete: /tmp/tmp.04Qt7XemVJ/BLOCK/thailand_telecommunications_sector_rats
2026-09-27 17:53:01.146756 [NOTICE] [RequestGroup.cc:1214] Download complete: /tmp/tmp.04Qt7XemVJ/BLOCK/thailand_telecommunications_sector_honeypot
2026-09-27 17:53:01.190646 [NOTICE] [RequestGroup.cc:1214] Download complete: /tmp/tmp.04Qt7XemVJ/BLOCK/thedumbterminal
2026-09-27 17:53:01.213125 [NOTICE] [RequestGroup.cc:1214] Download complete: /tmp/tmp.04Qt7XemVJ/BLOCK/shreshta
2026-09-27 17:53:01.242422 [NOTICE] [RequestGroup.cc:1214] Download complete: /tmp/tmp.04Qt7XemVJ/BLOCK/thailand_telecommunications_sector_urls
2026-09-27 17:53:01.268314 [NOTICE] [RequestGroup.cc:1214] Download complete: /tmp/tmp.04Qt7XemVJ/BLOCK/thailand_telecommunications_sector_recommended
2026-09-27 17:53:01.284101 [NOTICE] [RequestGroup.cc:1214] Download complete: /tmp/tmp.04Qt7XemVJ/BLOCK/thiojoe
2026-09-27 17:53:01.371935 [NOTICE] [RequestGroup.cc:1214] Download complete: /tmp/tmp.04Qt7XemVJ/BLOCK/jamesbrine
2026-09-27 17:53:01.391560 [NOTICE] [RequestGroup.cc:1214] Download complete: /tmp/tmp.04Qt7XemVJ/BLOCK/shadowwhisperer_all
2026-09-27 17:53:01.402819 [NOTICE] [HttpResponse.cc:168] CUID#407 - Redirecting to https://www.sekuripy.hr/blacklist.txt
2026-09-27 17:53:01.445625 [NOTICE] [RequestGroup.cc:1214] Download complete: /tmp/tmp.04Qt7XemVJ/BLOCK/tiuxo_ads
2026-09-27 17:53:01.487030 [NOTICE] [RequestGroup.cc:1214] Download complete: /tmp/tmp.04Qt7XemVJ/BLOCK/tiuxo_porn
2026-09-27 17:53:01.542184 [NOTICE] [RequestGroup.cc:1214] Download complete: /tmp/tmp.04Qt7XemVJ/BLOCK/tiuxo_social
2026-09-27 17:53:01.577596 [NOTICE] [RequestGroup.cc:1214] Download complete: /tmp/tmp.04Qt7XemVJ/BLOCK/threatview_c2_intel
2026-09-27 17:53:01.635569 [NOTICE] [RequestGroup.cc:1214] Download complete: /tmp/tmp.04Qt7XemVJ/BLOCK/tiuxo_whitelist
2026-09-27 17:53:01.645478 [NOTICE] [RequestGroup.cc:1214] Download complete: /tmp/tmp.04Qt7XemVJ/BLOCK/threatview_ioc_tweets
2026-09-27 17:53:01.650955 [NOTICE] [RequestGroup.cc:1214] Download complete: /tmp/tmp.04Qt7XemVJ/BLOCK/tomzuu_phishing
2026-09-27 17:53:01.653394 [NOTICE] [RequestGroup.cc:1214] Download complete: /tmp/tmp.04Qt7XemVJ/BLOCK/threatview_high_confidence_urls
2026-09-27 17:53:01.694900 [NOTICE] [RequestGroup.cc:1214] Download complete: /tmp/tmp.04Qt7XemVJ/BLOCK/trackerslist_blacklist
2026-09-27 17:53:01.701030 [NOTICE] [RequestGroup.cc:1214] Download complete: /tmp/tmp.04Qt7XemVJ/BLOCK/rublacklist_ads
2026-09-27 17:53:01.716050 [NOTICE] [RequestGroup.cc:1214] Download complete: /tmp/tmp.04Qt7XemVJ/BLOCK/tomzuu_spam
2026-09-27 17:53:01.727496 [NOTICE] [RequestGroup.cc:1214] Download complete: /tmp/tmp.04Qt7XemVJ/BLOCK/stopforumspam_domains
2026-09-27 17:53:01.734013 [NOTICE] [RequestGroup.cc:1214] Download complete: /tmp/tmp.04Qt7XemVJ/BLOCK/threatview_high_confidence_ips
2026-09-27 17:53:01.778174 [NOTICE] [RequestGroup.cc:1214] Download complete: /tmp/tmp.04Qt7XemVJ/BLOCK/unflac
2026-09-27 17:53:01.969413 [NOTICE] [HttpResponse.cc:168] CUID#407 - Redirecting to https://ipnoise.sekuripy.hr/7d.txt
2026-09-27 17:53:02.028774 [NOTICE] [RequestGroup.cc:1214] Download complete: /tmp/tmp.04Qt7XemVJ/BLOCK/viriback
2026-09-27 17:53:02.208469 [NOTICE] [RequestGroup.cc:1214] Download complete: /tmp/tmp.04Qt7XemVJ/BLOCK/ut1_stalkerware
2026-09-27 17:53:02.237038 [NOTICE] [RequestGroup.cc:1214] Download complete: /tmp/tmp.04Qt7XemVJ/BLOCK/vivaldi
2026-09-27 17:53:02.387407 [NOTICE] [RequestGroup.cc:1214] Download complete: /tmp/tmp.04Qt7XemVJ/BLOCK/ut1_cryptojacking
2026-09-27 17:53:02.461107 [NOTICE] [RequestGroup.cc:1214] Download complete: /tmp/tmp.04Qt7XemVJ/BLOCK/wally3k
2026-09-27 17:53:02.566497 [NOTICE] [RequestGroup.cc:1214] Download complete: /tmp/tmp.04Qt7XemVJ/BLOCK/stamparm
2026-09-27 17:53:02.625750 [NOTICE] [RequestGroup.cc:1214] Download complete: /tmp/tmp.04Qt7XemVJ/BLOCK/taz
2026-09-27 17:53:02.628651 [NOTICE] [RequestGroup.cc:1214] Download complete: /tmp/tmp.04Qt7XemVJ/BLOCK/turris
2026-09-27 17:53:02.728835 [NOTICE] [RequestGroup.cc:1214] Download complete: /tmp/tmp.04Qt7XemVJ/BLOCK/threatview_high_confidence_domains
2026-09-27 17:53:02.850891 [NOTICE] [RequestGroup.cc:1214] Download complete: /tmp/tmp.04Qt7XemVJ/BLOCK/ut1_malware
2026-09-27 17:53:02.912324 [NOTICE] [RequestGroup.cc:1214] Download complete: /tmp/tmp.04Qt7XemVJ/BLOCK/ut1_phishing
2026-09-27 17:53:02.958013 [NOTICE] [RequestGroup.cc:1214] Download complete: /tmp/tmp.04Qt7XemVJ/BLOCK/windowsspyblocker_extra
2026-09-27 17:53:02.976562 [NOTICE] [RequestGroup.cc:1214] Download complete: /tmp/tmp.04Qt7XemVJ/BLOCK/windowsspyblocker_spy
2026-09-27 17:53:03.026905 [NOTICE] [RequestGroup.cc:1214] Download complete: /tmp/tmp.04Qt7XemVJ/BLOCK/windowsspyblocker_update
2026-09-27 17:53:03.091023 [NOTICE] [RequestGroup.cc:1214] Download complete: /tmp/tmp.04Qt7XemVJ/BLOCK/voipbl
2026-09-27 17:53:03.124876 [NOTICE] [RequestGroup.cc:1214] Download complete: /tmp/tmp.04Qt7XemVJ/BLOCK/windscribe_clickbait
2026-09-27 17:53:03.175070 [NOTICE] [RequestGroup.cc:1214] Download complete: /tmp/tmp.04Qt7XemVJ/BLOCK/windscribe_gambling
2026-09-27 17:53:03.217349 [NOTICE] [RequestGroup.cc:1214] Download complete: /tmp/tmp.04Qt7XemVJ/BLOCK/windscribe_ads
2026-09-27 17:53:03.225345 [NOTICE] [RequestGroup.cc:1214] Download complete: /tmp/tmp.04Qt7XemVJ/BLOCK/windscribe_iot
2026-09-27 17:53:03.290219 [NOTICE] [RequestGroup.cc:1214] Download complete: /tmp/tmp.04Qt7XemVJ/BLOCK/windscribe_porn
2026-09-27 17:53:03.299619 [NOTICE] [RequestGroup.cc:1214] Download complete: /tmp/tmp.04Qt7XemVJ/BLOCK/windscribe_malware
2026-09-27 17:53:03.310661 [NOTICE] [RequestGroup.cc:1214] Download complete: /tmp/tmp.04Qt7XemVJ/BLOCK/wutingfeng_global_anti_scam
2026-09-27 17:53:03.661619 [NOTICE] [RequestGroup.cc:1214] Download complete: /tmp/tmp.04Qt7XemVJ/BLOCK/winhelp
2026-09-27 17:53:03.789094 [NOTICE] [RequestGroup.cc:1214] Download complete: /tmp/tmp.04Qt7XemVJ/BLOCK/xiaobeita
2026-09-27 17:53:03.845515 [NOTICE] [RequestGroup.cc:1214] Download complete: /tmp/tmp.04Qt7XemVJ/BLOCK/xos_advertising
2026-09-27 17:53:03.893582 [NOTICE] [RequestGroup.cc:1214] Download complete: /tmp/tmp.04Qt7XemVJ/BLOCK/youslist
2026-09-27 17:53:04.622593 [NOTICE] [RequestGroup.cc:1214] Download complete: /tmp/tmp.04Qt7XemVJ/BLOCK/yoyo_domains
2026-09-27 17:53:04.698634 [NOTICE] [RequestGroup.cc:1214] Download complete: /tmp/tmp.04Qt7XemVJ/BLOCK/wutingfeng_google_safe_browsing
2026-09-27 17:53:04.817125 [NOTICE] [RequestGroup.cc:1214] Download complete: /tmp/tmp.04Qt7XemVJ/BLOCK/zitstif_firewall
2026-09-27 17:53:04.972578 [NOTICE] [RequestGroup.cc:1214] Download complete: /tmp/tmp.04Qt7XemVJ/BLOCK/yoyo_ips
2026-09-27 17:53:05.064364 [NOTICE] [RequestGroup.cc:1214] Download complete: /tmp/tmp.04Qt7XemVJ/BLOCK/zitstif_shame
2026-09-27 17:53:05.497580 [NOTICE] [RequestGroup.cc:1214] Download complete: /tmp/tmp.04Qt7XemVJ/BLOCK/pengelana
2026-09-27 17:53:05.603966 [NOTICE] [RequestGroup.cc:1214] Download complete: /tmp/tmp.04Qt7XemVJ/BLOCK/zitstif_scamalytics
2026-09-27 17:53:06.167325 [NOTICE] [RequestGroup.cc:1214] Download complete: /tmp/tmp.04Qt7XemVJ/BLOCK/university_of_science_and_technology_of_china
2026-09-27 17:53:06.265993 [NOTICE] [RequestGroup.cc:1214] Download complete: /tmp/tmp.04Qt7XemVJ/BLOCK/isc_ciarmy
2026-09-27 17:53:07.466436 [NOTICE] [RequestGroup.cc:1214] Download complete: /tmp/tmp.04Qt7XemVJ/BLOCK/zitstif_waf
2026-09-27 17:53:10.535794 [NOTICE] [RequestGroup.cc:1214] Download complete: /tmp/tmp.04Qt7XemVJ/BLOCK/honeynet_asia_bruteforce_telnet
2026-09-27 17:53:17.038625 [NOTICE] [RequestGroup.cc:1214] Download complete: /tmp/tmp.04Qt7XemVJ/BLOCK/honeynet_asia_url
2026-09-27 17:53:18.375972 [NOTICE] [RequestGroup.cc:1214] Download complete: /tmp/tmp.04Qt7XemVJ/BLOCK/isc_alphastrike
2026-09-27 17:53:22.050979 [ERROR] [AbstractCommand.cc:377] CUID#183 - Download aborted. URI=https://labs.inquest.net/api/iocdb/list
Exception: [HttpConnection.cc:156] errorCode=1 Got EOF from the server.
2026-09-27 17:53:22.051112 [NOTICE] [RequestGroupMan.cc:424] Download GID#341973b50be688f6 not complete: /tmp/tmp.04Qt7XemVJ/BLOCK/inquest
2026-09-27 17:53:24.234997 [ERROR] [AbstractCommand.cc:377] CUID#350 - Download aborted. URI=https://labs.inquest.net/api/iocdb/list
Exception: [HttpConnection.cc:156] errorCode=1 Got EOF from the server.
2026-09-27 17:53:24.235129 [NOTICE] [RequestGroupMan.cc:424] Download GID#19d26fe498120b19 not complete: /tmp/tmp.04Qt7XemVJ/BLOCK/quantumultx_advertising
2026-09-27 17:55:27.046243 [ERROR] [AbstractCommand.cc:377] CUID#102 - Download aborted. URI=https://osint.digitalside.it/Threat-Intel/lists/latestdomains.txt
Exception: [AbstractCommand.cc:340] errorCode=2 Timeout.
2026-09-27 17:55:27.046386 [ERROR] [AbstractCommand.cc:377] CUID#103 - Download aborted. URI=https://osint.digitalside.it/Threat-Intel/lists/latestips.txt
Exception: [AbstractCommand.cc:340] errorCode=2 Timeout.
2026-09-27 17:55:27.046423 [ERROR] [AbstractCommand.cc:377] CUID#141 - Download aborted. URI=https://hostfiles.frogeye.fr/multiparty-trackers.txt
Exception: [AbstractCommand.cc:340] errorCode=2 Timeout.
2026-09-27 17:55:27.046450 [NOTICE] [RequestGroupMan.cc:424] Download GID#cd7a0914d146a219 not complete: /tmp/tmp.04Qt7XemVJ/BLOCK/geoffrey_frogeye_multiparty
2026-09-27 17:55:27.092607 [NOTICE] [RequestGroup.cc:1214] Download complete: /tmp/tmp.04Qt7XemVJ/BLOCK/digitalside_domains
2026-09-27 17:55:27.099413 [NOTICE] [RequestGroup.cc:1214] Download complete: /tmp/tmp.04Qt7XemVJ/BLOCK/digitalside_ips
2026-09-27 17:55:34.106692 [ERROR] [AbstractCommand.cc:377] CUID#447 - Download aborted. URI=http://vxvault.net/URL_List.php
Exception: [AbstractCommand.cc:340] errorCode=2 Timeout.
2026-09-27 17:55:34.106866 [ERROR] [AbstractCommand.cc:377] CUID#449 - Download aborted. URI=https://ente.dev/api/blocklist/advertising
Exception: [AbstractCommand.cc:340] errorCode=2 Timeout.
2026-09-27 17:55:34.106914 [ERROR] [AbstractCommand.cc:377] CUID#450 - Download aborted. URI=https://ente.dev/api/blocklist/google-amp
Exception: [AbstractCommand.cc:340] errorCode=2 Timeout.
2026-09-27 17:55:34.106940 [ERROR] [AbstractCommand.cc:377] CUID#451 - Download aborted. URI=https://ente.dev/api/blocklist/suspicious
Exception: [AbstractCommand.cc:340] errorCode=2 Timeout.
2026-09-27 17:55:34.106965 [ERROR] [AbstractCommand.cc:377] CUID#452 - Download aborted. URI=https://ente.dev/api/blocklist/tiktok
Exception: [AbstractCommand.cc:340] errorCode=2 Timeout.
2026-09-27 17:55:34.106988 [ERROR] [AbstractCommand.cc:377] CUID#453 - Download aborted. URI=https://ente.dev/api/blocklist/tracking
Exception: [AbstractCommand.cc:340] errorCode=2 Timeout.
2026-09-27 17:55:34.107018 [ERROR] [AbstractCommand.cc:377] CUID#454 - Download aborted. URI=https://ente.dev/api/blocklist/tv
Exception: [AbstractCommand.cc:340] errorCode=2 Timeout.
2026-09-27 17:55:34.107039 [NOTICE] [RequestGroupMan.cc:424] Download GID#da13b9bc27d02fa0 not complete: /tmp/tmp.04Qt7XemVJ/BLOCK/vxvault
2026-09-27 17:55:34.107052 [NOTICE] [RequestGroupMan.cc:424] Download GID#8284e9cc9f2b6f2a not complete: /tmp/tmp.04Qt7XemVJ/BLOCK/willie_ads
2026-09-27 17:55:34.107059 [NOTICE] [RequestGroupMan.cc:424] Download GID#a4b24170c70a64db not complete: /tmp/tmp.04Qt7XemVJ/BLOCK/willie_google_amp
2026-09-27 17:55:34.107065 [NOTICE] [RequestGroupMan.cc:424] Download GID#420ca1d1a83704b1 not complete: /tmp/tmp.04Qt7XemVJ/BLOCK/willie_suspicious
2026-09-27 17:55:34.107071 [NOTICE] [RequestGroupMan.cc:424] Download GID#68b9c9b9327291f7 not complete: /tmp/tmp.04Qt7XemVJ/BLOCK/willie_tiktok
2026-09-27 17:55:34.107077 [NOTICE] [RequestGroupMan.cc:424] Download GID#c73d8f4218a33ea8 not complete: /tmp/tmp.04Qt7XemVJ/BLOCK/willie_tracking
2026-09-27 17:55:34.107110 [NOTICE] [RequestGroupMan.cc:424] Download GID#7444db136b51ae6f not complete: /tmp/tmp.04Qt7XemVJ/BLOCK/willie_tv
2026-09-27 17:55:34.108053 [NOTICE] [ServerStatMan.cc:110] ServerStat file logs/server-stats.txt saved successfully.
2026-09-27 18:08:45.239527 [NOTICE] [Context.cc:310] Downloading 39 item(s)
2026-09-27 18:08:45.249636 [NOTICE] [ServerStatMan.cc:230] ServerStat file logs/server-stats.txt loaded successfully.
2026-09-27 18:08:45.331378 [NOTICE] [RequestGroup.cc:1214] Download complete: /tmp/tmp.04Qt7XemVJ/ALLOW/additional_hosts_github
2026-09-27 18:08:45.332069 [NOTICE] [RequestGroup.cc:1214] Download complete: /tmp/tmp.04Qt7XemVJ/ALLOW/additional_hosts_duckduckgo
2026-09-27 18:08:45.337431 [NOTICE] [RequestGroup.cc:1214] Download complete: /tmp/tmp.04Qt7XemVJ/ALLOW/ACL4SSR_whitelist
2026-09-27 18:08:45.340706 [NOTICE] [RequestGroup.cc:1214] Download complete: /tmp/tmp.04Qt7XemVJ/ALLOW/anudeep_whitelist
2026-09-27 18:08:45.344559 [NOTICE] [RequestGroup.cc:1214] Download complete: /tmp/tmp.04Qt7XemVJ/ALLOW/c2_intel_vpns
2026-09-27 18:08:45.350633 [NOTICE] [RequestGroup.cc:1214] Download complete: /tmp/tmp.04Qt7XemVJ/ALLOW/1hosts_official_exclusions
2026-09-27 18:08:45.361660 [ERROR] [AbstractCommand.cc:401] CUID#23 - Download aborted. URI=https://raw.githubusercontent.com/nextdns/dns-bypass-methods/main/linux
Exception: [AbstractCommand.cc:403] errorCode=4 URI=https://raw.githubusercontent.com/nextdns/dns-bypass-methods/main/linux
  -> [RequestGroup.cc:1266] errorCode=4 Reached max-file-not-found count=1
2026-09-27 18:08:45.361761 [NOTICE] [RequestGroupMan.cc:424] Download GID#ccc0c82cdbd0d29c not complete: /tmp/tmp.04Qt7XemVJ/ALLOW/nextdns_linux_bypass
2026-09-27 18:08:45.362759 [ERROR] [AbstractCommand.cc:401] CUID#25 - Download aborted. URI=https://raw.githubusercontent.com/nextdns/dns-bypass-methods/main/vpn
Exception: [AbstractCommand.cc:403] errorCode=4 URI=https://raw.githubusercontent.com/nextdns/dns-bypass-methods/main/vpn
  -> [RequestGroup.cc:1266] errorCode=4 Reached max-file-not-found count=1
2026-09-27 18:08:45.362825 [NOTICE] [RequestGroupMan.cc:424] Download GID#64cb33bcd847f747 not complete: /tmp/tmp.04Qt7XemVJ/ALLOW/nextdns_vpn_bypass
2026-09-27 18:08:45.371732 [NOTICE] [RequestGroup.cc:1214] Download complete: /tmp/tmp.04Qt7XemVJ/ALLOW/1hosts_staged_exclusions
2026-09-27 18:08:45.380566 [ERROR] [AbstractCommand.cc:401] CUID#24 - Download aborted. URI=https://raw.githubusercontent.com/nextdns/dns-bypass-methods/main/tor
Exception: [AbstractCommand.cc:403] errorCode=4 URI=https://raw.githubusercontent.com/nextdns/dns-bypass-methods/main/tor
  -> [RequestGroup.cc:1266] errorCode=4 Reached max-file-not-found count=1
2026-09-27 18:08:45.380663 [NOTICE] [RequestGroupMan.cc:424] Download GID#dfca4a86643830ec not complete: /tmp/tmp.04Qt7XemVJ/ALLOW/nextdns_tor_bypass
2026-09-27 18:08:45.411768 [NOTICE] [RequestGroup.cc:1214] Download complete: /tmp/tmp.04Qt7XemVJ/ALLOW/shadowwhisperer_cryptocurrency
2026-09-27 18:08:45.419743 [NOTICE] [RequestGroup.cc:1214] Download complete: /tmp/tmp.04Qt7XemVJ/ALLOW/notracking_whitelist
2026-09-27 18:08:45.434472 [NOTICE] [RequestGroup.cc:1214] Download complete: /tmp/tmp.04Qt7XemVJ/ALLOW/shadowwhisperer_whitelist
2026-09-27 18:08:45.435355 [NOTICE] [RequestGroup.cc:1214] Download complete: /tmp/tmp.04Qt7XemVJ/ALLOW/phishing_db_falsepositives
2026-09-27 18:08:45.452740 [NOTICE] [RequestGroup.cc:1214] Download complete: /tmp/tmp.04Qt7XemVJ/ALLOW/github_meta
2026-09-27 18:08:45.453774 [NOTICE] [RequestGroup.cc:1214] Download complete: /tmp/tmp.04Qt7XemVJ/ALLOW/cryptoscamdb_whitelist
2026-09-27 18:08:45.454651 [NOTICE] [RequestGroup.cc:1214] Download complete: /tmp/tmp.04Qt7XemVJ/ALLOW/sefinek_whitelist
2026-09-27 18:08:45.464897 [NOTICE] [RequestGroup.cc:1214] Download complete: /tmp/tmp.04Qt7XemVJ/ALLOW/trackerslist_best_domains
2026-09-27 18:08:45.466305 [NOTICE] [RequestGroup.cc:1214] Download complete: /tmp/tmp.04Qt7XemVJ/ALLOW/trackerslist_best_ips
2026-09-27 18:08:45.477445 [NOTICE] [RequestGroup.cc:1214] Download complete: /tmp/tmp.04Qt7XemVJ/ALLOW/t145_cidr_whitelist
2026-09-27 18:08:45.483031 [NOTICE] [RequestGroup.cc:1214] Download complete: /tmp/tmp.04Qt7XemVJ/ALLOW/xiu2_best_trackers
2026-09-27 18:08:45.487690 [NOTICE] [RequestGroup.cc:1214] Download complete: /tmp/tmp.04Qt7XemVJ/ALLOW/quindecim_allowlist
2026-09-27 18:08:45.490257 [NOTICE] [RequestGroup.cc:1214] Download complete: /tmp/tmp.04Qt7XemVJ/ALLOW/t145_domain_whitelist
2026-09-27 18:08:45.514131 [NOTICE] [RequestGroup.cc:1214] Download complete: /tmp/tmp.04Qt7XemVJ/ALLOW/xiu2_blacklist
2026-09-27 18:08:45.523918 [NOTICE] [RequestGroup.cc:1214] Download complete: /tmp/tmp.04Qt7XemVJ/ALLOW/hipo_universities
2026-09-27 18:08:45.604466 [NOTICE] [RequestGroup.cc:1214] Download complete: /tmp/tmp.04Qt7XemVJ/ALLOW/notracking_dead
2026-09-27 18:08:45.610561 [NOTICE] [RequestGroup.cc:1214] Download complete: /tmp/tmp.04Qt7XemVJ/ALLOW/newtrackon
2026-09-27 18:08:45.645329 [NOTICE] [RequestGroup.cc:1214] Download complete: /tmp/tmp.04Qt7XemVJ/ALLOW/cymru_ipv4_bogons
2026-09-27 18:08:45.729669 [NOTICE] [RequestGroup.cc:1214] Download complete: /tmp/tmp.04Qt7XemVJ/ALLOW/torbulkexitlist
2026-09-27 18:08:45.757322 [NOTICE] [RequestGroup.cc:1214] Download complete: /tmp/tmp.04Qt7XemVJ/ALLOW/cymru_ipv6_bogons
2026-09-27 18:08:45.830241 [NOTICE] [RequestGroup.cc:1214] Download complete: /tmp/tmp.04Qt7XemVJ/ALLOW/dan_me_uk
2026-09-27 18:08:45.834894 [NOTICE] [RequestGroup.cc:1214] Download complete: /tmp/tmp.04Qt7XemVJ/ALLOW/ut1_sex_ed
2026-09-27 18:08:45.858354 [NOTICE] [RequestGroup.cc:1214] Download complete: /tmp/tmp.04Qt7XemVJ/ALLOW/zapret_nxdomain
2026-09-27 18:08:45.954314 [NOTICE] [RequestGroup.cc:1214] Download complete: /tmp/tmp.04Qt7XemVJ/ALLOW/ut1_liste_bu
2026-09-27 18:08:46.057662 [NOTICE] [RequestGroup.cc:1214] Download complete: /tmp/tmp.04Qt7XemVJ/ALLOW/securedrop
2026-09-27 18:08:46.193391 [NOTICE] [RequestGroup.cc:1214] Download complete: /tmp/tmp.04Qt7XemVJ/ALLOW/metalhead
2026-09-27 18:08:46.265401 [NOTICE] [RequestGroup.cc:1214] Download complete: /tmp/tmp.04Qt7XemVJ/ALLOW/cidr_report
2026-09-27 18:08:46.590106 [NOTICE] [RequestGroup.cc:1214] Download complete: /tmp/tmp.04Qt7XemVJ/ALLOW/phishing_db_inactive_domains
2026-09-27 18:08:46.619557 [NOTICE] [RequestGroup.cc:1214] Download complete: /tmp/tmp.04Qt7XemVJ/ALLOW/public_dns
2026-09-27 18:08:46.620154 [NOTICE] [ServerStatMan.cc:110] ServerStat file logs/server-stats.txt saved successfully.
