[info] Starting @adguard/hostlist-compiler v1.0.39
[info] Starting the compiler
[info] Configuration: {
    "name": "Blocklist",
    "sources": [
        {
            "source": "https://raw.githubusercontent.com/bestpika/abp/master/yui.txt",
            "type": "adblock"
        }
    ],
    "transformations": [
        "RemoveComments",
        "Deduplicate",
        "Compress",
        "Validate",
        "TrimLines",
        "InsertFinalNewLine"
    ]
}
[info] Start compiling https://raw.githubusercontent.com/bestpika/abp/master/yui.txt
[info] Original length is 278
[info] Length after applying transformations is 278
[info] Lines trimmed.
[info] Removed 82 comments
[info] The list was compressed from 199 to 199
[info] Deduplication removed 0 rules
[info] Final newline inserted
[info] Final length of the list is 31
[info] Writing output to /tmp/tmp.c2SgW9Tt7U/BLOCK/bestpika_yui
[info] Finished compiling
[info] Starting @adguard/hostlist-compiler v1.0.39
[info] Starting the compiler
[info] Configuration: {
    "name": "Blocklist",
    "sources": [
        {
            "source": "https://raw.githubusercontent.com/cjx82630/cjxlist/master/cjx-annoyance.txt",
            "type": "adblock"
        }
    ],
    "transformations": [
        "RemoveComments",
        "Deduplicate",
        "Compress",
        "Validate",
        "TrimLines",
        "InsertFinalNewLine"
    ]
}
[info] Start compiling https://raw.githubusercontent.com/cjx82630/cjxlist/master/cjx-annoyance.txt
[info] Original length is 1862
[info] Length after applying transformations is 1862
[info] Lines trimmed.
[info] Removed 23 comments
[info] The list was compressed from 1842 to 1842
[info] Deduplication removed 0 rules
[info] Final newline inserted
[info] Final length of the list is 122
[info] Writing output to /tmp/tmp.c2SgW9Tt7U/BLOCK/cjxlist
[info] Finished compiling
[info] Starting @adguard/hostlist-compiler v1.0.39
[info] Starting the compiler
[info] Configuration: {
    "name": "Blocklist",
    "sources": [
        {
            "source": "https://raw.githubusercontent.com/uBlockOrigin/uAssets/master/filters/badware.txt",
            "type": "adblock"
        }
    ],
    "transformations": [
        "RemoveComments",
        "Deduplicate",
        "Compress",
        "Validate",
        "TrimLines",
        "InsertFinalNewLine"
    ]
}
[info] Start compiling https://raw.githubusercontent.com/uBlockOrigin/uAssets/master/filters/badware.txt
[info] Original length is 5959
[info] Length after applying transformations is 5959
[info] Lines trimmed.
[info] Removed 1589 comments
[info] The list was compressed from 4373 to 4373
[info] Deduplication removed 0 rules
[info] Final newline inserted
[info] Final length of the list is 61
[info] Writing output to /tmp/tmp.c2SgW9Tt7U/BLOCK/uassets_badware
[info] Finished compiling
[info] Starting @adguard/hostlist-compiler v1.0.39
[info] Starting the compiler
[info] Configuration: {
    "name": "Blocklist",
    "sources": [
        {
            "source": "https://raw.githubusercontent.com/uBlockOrigin/uAssets/master/filters/filters-2020.txt",
            "type": "adblock"
        }
    ],
    "transformations": [
        "RemoveComments",
        "Deduplicate",
        "Compress",
        "Validate",
        "TrimLines",
        "InsertFinalNewLine"
    ]
}
[info] Start compiling https://raw.githubusercontent.com/uBlockOrigin/uAssets/master/filters/filters-2020.txt
[info] Original length is 2510
[info] Length after applying transformations is 2510
[info] Lines trimmed.
[info] Removed 823 comments
[info] The list was compressed from 1690 to 1690
[info] Deduplication removed 0 rules
[info] Final newline inserted
[info] Final length of the list is 17
[info] Writing output to /tmp/tmp.c2SgW9Tt7U/BLOCK/uassets_filters_2020
[info] Finished compiling
[info] Starting @adguard/hostlist-compiler v1.0.39
[info] Starting the compiler
[info] Configuration: {
    "name": "Blocklist",
    "sources": [
        {
            "source": "https://raw.githubusercontent.com/uBlockOrigin/uAssets/master/filters/filters-2021.txt",
            "type": "adblock"
        }
    ],
    "transformations": [
        "RemoveComments",
        "Deduplicate",
        "Compress",
        "Validate",
        "TrimLines",
        "InsertFinalNewLine"
    ]
}
[info] Start compiling https://raw.githubusercontent.com/uBlockOrigin/uAssets/master/filters/filters-2021.txt
[info] Original length is 3203
[info] Length after applying transformations is 3203
[info] Lines trimmed.
[info] Removed 958 comments
[info] The list was compressed from 2248 to 2248
[info] Deduplication removed 0 rules
[info] Final newline inserted
[info] Final length of the list is 17
[info] Writing output to /tmp/tmp.c2SgW9Tt7U/BLOCK/uassets_filters_2021
[info] Finished compiling
[info] Starting @adguard/hostlist-compiler v1.0.39
[info] Starting the compiler
[info] Configuration: {
    "name": "Blocklist",
    "sources": [
        {
            "source": "https://raw.githubusercontent.com/uBlockOrigin/uAssets/master/filters/filters-2022.txt",
            "type": "adblock"
        }
    ],
    "transformations": [
        "RemoveComments",
        "Deduplicate",
        "Compress",
        "Validate",
        "TrimLines",
        "InsertFinalNewLine"
    ]
}
[info] Start compiling https://raw.githubusercontent.com/uBlockOrigin/uAssets/master/filters/filters-2022.txt
[info] Original length is 2935
[info] Length after applying transformations is 2935
[info] Lines trimmed.
[info] Removed 1024 comments
[info] The list was compressed from 1914 to 1914
[info] Deduplication removed 0 rules
[info] Final newline inserted
[info] Final length of the list is 21
[info] Writing output to /tmp/tmp.c2SgW9Tt7U/BLOCK/uassets_filters_2022
[info] Finished compiling
[info] Starting @adguard/hostlist-compiler v1.0.39
[info] Starting the compiler
[info] Configuration: {
    "name": "Blocklist",
    "sources": [
        {
            "source": "https://raw.githubusercontent.com/uBlockOrigin/uAssets/master/filters/filters-2023.txt",
            "type": "adblock"
        }
    ],
    "transformations": [
        "RemoveComments",
        "Deduplicate",
        "Compress",
        "Validate",
        "TrimLines",
        "InsertFinalNewLine"
    ]
}
[info] Start compiling https://raw.githubusercontent.com/uBlockOrigin/uAssets/master/filters/filters-2023.txt
[info] Original length is 3622
[info] Length after applying transformations is 3622
[info] Lines trimmed.
[info] Removed 1223 comments
[info] The list was compressed from 2402 to 2402
[info] Deduplication removed 0 rules
[info] Final newline inserted
[info] Final length of the list is 22
[info] Writing output to /tmp/tmp.c2SgW9Tt7U/BLOCK/uassets_filters_2023
[info] Finished compiling
[info] Starting @adguard/hostlist-compiler v1.0.39
[info] Starting the compiler
[info] Configuration: {
    "name": "Blocklist",
    "sources": [
        {
            "source": "https://raw.githubusercontent.com/uBlockOrigin/uAssets/master/filters/filters-2024.txt",
            "type": "adblock"
        }
    ],
    "transformations": [
        "RemoveComments",
        "Deduplicate",
        "Compress",
        "Validate",
        "TrimLines",
        "InsertFinalNewLine"
    ]
}
[info] Start compiling https://raw.githubusercontent.com/uBlockOrigin/uAssets/master/filters/filters-2024.txt
[info] Original length is 3260
[info] Length after applying transformations is 3260
[info] Lines trimmed.
[info] Removed 1150 comments
[info] The list was compressed from 2113 to 2113
[info] Deduplication removed 0 rules
[info] Final newline inserted
[info] Final length of the list is 20
[info] Writing output to /tmp/tmp.c2SgW9Tt7U/BLOCK/uassets_filters_2024
[info] Finished compiling
[info] Starting @adguard/hostlist-compiler v1.0.39
[info] Starting the compiler
[info] Configuration: {
    "name": "Blocklist",
    "sources": [
        {
            "source": "https://raw.githubusercontent.com/uBlockOrigin/uAssets/master/filters/filters.txt",
            "type": "adblock"
        }
    ],
    "transformations": [
        "RemoveComments",
        "Deduplicate",
        "Compress",
        "Validate",
        "TrimLines",
        "InsertFinalNewLine"
    ]
}
[info] Start compiling https://raw.githubusercontent.com/uBlockOrigin/uAssets/master/filters/filters.txt
[info] Original length is 33525
[info] Length after applying transformations is 33525
[info] Lines trimmed.
[info] Removed 10484 comments
[info] The list was compressed from 23044 to 23042
[info] Deduplication removed 0 rules
[info] Final newline inserted
[info] Final length of the list is 327
[info] Writing output to /tmp/tmp.c2SgW9Tt7U/BLOCK/uassets_filters_base
[info] Finished compiling
[info] Starting @adguard/hostlist-compiler v1.0.39
[info] Starting the compiler
[info] Configuration: {
    "name": "Blocklist",
    "sources": [
        {
            "source": "https://raw.githubusercontent.com/uBlockOrigin/uAssets/master/filters/privacy.txt",
            "type": "adblock"
        }
    ],
    "transformations": [
        "RemoveComments",
        "Deduplicate",
        "Compress",
        "Validate",
        "TrimLines",
        "InsertFinalNewLine"
    ]
}
[info] Start compiling https://raw.githubusercontent.com/uBlockOrigin/uAssets/master/filters/privacy.txt
[info] Original length is 2922
[info] Length after applying transformations is 2922
[info] Lines trimmed.
[info] Removed 1126 comments
[info] The list was compressed from 1799 to 1799
[info] Deduplication removed 0 rules
[info] Final newline inserted
[info] Final length of the list is 100
[info] Writing output to /tmp/tmp.c2SgW9Tt7U/BLOCK/uassets_privacy
[info] Finished compiling
