--2026-09-30 18:42:09--  https://haas.nic.cz/stats/export/2026/09/2026-09-29.json.gz
Resolving haas.nic.cz... 217.31.204.109, 2001:1488:800:400::2:109
Connecting to haas.nic.cz|217.31.204.109|:443... connected.
HTTP request sent, awaiting response... 200 OK
Length: 2232469 (2.1M) [text/plain]
Saving to: ‘haas’

     0K .......... .......... .......... .......... ..........  2%  411K 5s
    50K .......... .......... .......... .......... ..........  4%  412K 5s
   100K .......... .......... .......... .......... ..........  6%  352M 3s
   150K .......... .......... .......... .......... ..........  9% 1.27M 3s
   200K .......... .......... .......... .......... .......... 11%  599K 3s
   250K .......... .......... .......... .......... .......... 13%  646M 2s
   300K .......... .......... .......... .......... .......... 16% 1.00G 2s
   350K .......... .......... .......... .......... .......... 18% 1.28M 2s
   400K .......... .......... .......... .......... .......... 20%  601K 2s
   450K .......... .......... .......... .......... .......... 22%  177M 2s
   500K .......... .......... .......... .......... .......... 25%  240M 1s
   550K .......... .......... .......... .......... .......... 27%  413M 1s
   600K .......... .......... .......... .......... .......... 29% 1.03G 1s
   650K .......... .......... .......... .......... .......... 32% 1.03G 1s
   700K .......... .......... .......... .......... .......... 34% 1.05G 1s
   750K .......... .......... .......... .......... .......... 36% 1.29M 1s
   800K .......... .......... .......... .......... .......... 38%  925M 1s
   850K .......... .......... .......... .......... .......... 41%  603K 1s
   900K .......... .......... .......... .......... .......... 43%  106M 1s
   950K .......... .......... .......... .......... .......... 45%  215M 1s
  1000K .......... .......... .......... .......... .......... 48%  284M 1s
  1050K .......... .......... .......... .......... .......... 50%  960M 1s
  1100K .......... .......... .......... .......... .......... 52% 1.08G 1s
  1150K .......... .......... .......... .......... .......... 55%  814M 0s
  1200K .......... .......... .......... .......... .......... 57% 1.03G 0s
  1250K .......... .......... .......... .......... .......... 59% 1.11G 0s
  1300K .......... .......... .......... .......... .......... 61% 1.09G 0s
  1350K .......... .......... .......... .......... .......... 64% 1.11G 0s
  1400K .......... .......... .......... .......... .......... 66% 1.25G 0s
  1450K .......... .......... .......... .......... .......... 68% 1.25G 0s
  1500K .......... .......... .......... .......... .......... 71% 1.31M 0s
  1550K .......... .......... .......... .......... .......... 73%  181M 0s
  1600K .......... .......... .......... .......... .......... 75%  488M 0s
  1650K .......... .......... .......... .......... .......... 77% 1009M 0s
  1700K .......... .......... .......... .......... .......... 80% 1.03G 0s
  1750K .......... .......... .......... .......... .......... 82% 1.03G 0s
  1800K .......... .......... .......... .......... .......... 84%  602K 0s
  1850K .......... .......... .......... .......... .......... 87%  415M 0s
  1900K .......... .......... .......... .......... .......... 89%  929M 0s
  1950K .......... .......... .......... .......... .......... 91%  798M 0s
  2000K .......... .......... .......... .......... .......... 94%  954M 0s
  2050K .......... .......... .......... .......... .......... 96% 1.00G 0s
  2100K .......... .......... .......... .......... .......... 98% 1.05G 0s
  2150K .......... .......... ..........                      100%  955M=0.7s

2026-09-30 18:42:11 (2.92 MB/s) - ‘haas’ saved [2232469/2232469]

--2026-09-30 18:42:14--  https://myip.ms/files/blacklist/general/full_blacklist_database.zip
Resolving myip.ms... 146.59.166.237, 2001:41d0:303:d9d6:237a::1
Connecting to myip.ms|146.59.166.237|:443... connected.
HTTP request sent, awaiting response... 200 OK
Length: 2752597 (2.6M) [application/zip]
Saving to: ‘myip_full_blacklist’

     0K .......... .......... .......... .......... ..........  1%  485K 5s
    50K .......... .......... .......... .......... ..........  3%  485K 5s
   100K .......... .......... .......... .......... ..........  5%  170M 3s
   150K .......... .......... .......... .......... ..........  7%  485K 4s
   200K .......... .......... .......... .......... ..........  9%  649M 3s
   250K .......... .......... .......... .......... .......... 11%  146M 2s
   300K .......... .......... .......... .......... .......... 13% 1.34M 2s
   350K .......... .......... .......... .......... .......... 14%  752K 2s
   400K .......... .......... .......... .......... .......... 16%  682M 2s
   450K .......... .......... .......... .......... .......... 18%  815M 2s
   500K .......... .......... .......... .......... .......... 20%  770M 2s
   550K .......... .......... .......... .......... .......... 22%  443M 1s
   600K .......... .......... .......... .......... .......... 24%  286M 1s
   650K .......... .......... .......... .......... .......... 26% 1.35M 1s
   700K .......... .......... .......... .......... .......... 27%  423M 1s
   750K .......... .......... .......... .......... .......... 29%  753K 1s
   800K .......... .......... .......... .......... .......... 31%  675M 1s
   850K .......... .......... .......... .......... .......... 33%  818M 1s
   900K .......... .......... .......... .......... .......... 35%  850M 1s
   950K .......... .......... .......... .......... .......... 37%  770M 1s
  1000K .......... .......... .......... .......... .......... 39%  864M 1s
  1050K .......... .......... .......... .......... .......... 40%  740M 1s
  1100K .......... .......... .......... .......... .......... 42%  548M 1s
  1150K .......... .......... .......... .......... .......... 44%  481M 1s
  1200K .......... .......... .......... .......... .......... 46%  410M 1s
  1250K .......... .......... .......... .......... .......... 48%  364M 1s
  1300K .......... .......... .......... .......... .......... 50% 1.36M 1s
  1350K .......... .......... .......... .......... .......... 52%  487M 1s
  1400K .......... .......... .......... .......... .......... 53%  956M 0s
  1450K .......... .......... .......... .......... .......... 55%  926M 0s
  1500K .......... .......... .......... .......... .......... 57%  753K 0s
  1550K .......... .......... .......... .......... .......... 59%  459M 0s
  1600K .......... .......... .......... .......... .......... 61%  926M 0s
  1650K .......... .......... .......... .......... .......... 63%  908M 0s
  1700K .......... .......... .......... .......... .......... 65%  935M 0s
  1750K .......... .......... .......... .......... .......... 66%  667M 0s
  1800K .......... .......... .......... .......... .......... 68%  701M 0s
  1850K .......... .......... .......... .......... .......... 70%  978M 0s
  1900K .......... .......... .......... .......... .......... 72% 1.01G 0s
  1950K .......... .......... .......... .......... .......... 74%  710M 0s
  2000K .......... .......... .......... .......... .......... 76% 1.18G 0s
  2050K .......... .......... .......... .......... .......... 78% 1015M 0s
  2100K .......... .......... .......... .......... .......... 79% 1.01G 0s
  2150K .......... .......... .......... .......... .......... 81%  898M 0s
  2200K .......... .......... .......... .......... .......... 83% 1.04G 0s
  2250K .......... .......... .......... .......... .......... 85%  945M 0s
  2300K .......... .......... .......... .......... .......... 87%  938M 0s
  2350K .......... .......... .......... .......... .......... 89%  814M 0s
  2400K .......... .......... .......... .......... .......... 91%  927M 0s
  2450K .......... .......... .......... .......... .......... 93% 1.00G 0s
  2500K .......... .......... .......... .......... .......... 94% 1.23G 0s
  2550K .......... .......... .......... .......... .......... 96% 1.23G 0s
  2600K .......... .......... .......... .......... .......... 98% 1.24G 0s
  2650K .......... .......... .......... ........             100% 1020M=0.6s

2026-09-30 18:42:15 (4.23 MB/s) - ‘myip_full_blacklist’ saved [2752597/2752597]

--2026-09-30 18:42:15--  https://myip.ms/files/bots/live_webcrawlers.txt
Resolving myip.ms... 146.59.166.237, 2001:41d0:303:d9d6:237a::1
Connecting to myip.ms|146.59.166.237|:443... connected.
HTTP request sent, awaiting response... 200 OK
Length: 6644011 (6.3M) [text/plain]
Saving to: ‘myip_webcrawlers’

     0K .......... .......... .......... .......... ..........  0%  459K 14s
    50K .......... .......... .......... .......... ..........  1%  459K 14s
   100K .......... .......... .......... .......... ..........  2% 1.31M 11s
   150K .......... .......... .......... .......... ..........  3%  697K 10s
   200K .......... .......... .......... .......... ..........  3%  478M 8s
   250K .......... .......... .......... .......... ..........  4% 1.32M 8s
   300K .......... .......... .......... .......... ..........  5%  508M 6s
   350K .......... .......... .......... .......... ..........  6%  697K 7s
   400K .......... .......... .......... .......... ..........  6%  576M 6s
   450K .......... .......... .......... .......... ..........  7%  447M 5s
   500K .......... .......... .......... .......... ..........  8%  233M 5s
   550K .......... .......... .......... .......... ..........  9% 1.33M 5s
   600K .......... .......... .......... .......... .......... 10%  344M 4s
   650K .......... .......... .......... .......... .......... 10%  431M 4s
   700K .......... .......... .......... .......... .......... 11%  316M 4s
   750K .......... .......... .......... .......... .......... 12%  699K 4s
   800K .......... .......... .......... .......... .......... 13%  532M 4s
   850K .......... .......... .......... .......... .......... 13%  427M 3s
   900K .......... .......... .......... .......... .......... 14%  487M 3s
   950K .......... .......... .......... .......... .......... 15%  486M 3s
  1000K .......... .......... .......... .......... .......... 16%  857M 3s
  1050K .......... .......... .......... .......... .......... 16%  692M 3s
  1100K .......... .......... .......... .......... .......... 17%  659M 3s
  1150K .......... .......... .......... .......... .......... 18%  643M 2s
  1200K .......... .......... .......... .......... .......... 19% 1.34M 2s
  1250K .......... .......... .......... .......... .......... 20%  490M 2s
  1300K .......... .......... .......... .......... .......... 20%  702M 2s
  1350K .......... .......... .......... .......... .......... 21%  745M 2s
  1400K .......... .......... .......... .......... .......... 22%  882M 2s
  1450K .......... .......... .......... .......... .......... 23%  616M 2s
  1500K .......... .......... .......... .......... .......... 23%  851M 2s
  1550K .......... .......... .......... .......... .......... 24%  699K 2s
  1600K .......... .......... .......... .......... .......... 25%  609M 2s
  1650K .......... .......... .......... .......... .......... 26%  756M 2s
  1700K .......... .......... .......... .......... .......... 26%  803M 2s
  1750K .......... .......... .......... .......... .......... 27%  751M 2s
  1800K .......... .......... .......... .......... .......... 28%  736M 2s
  1850K .......... .......... .......... .......... .......... 29%  627M 2s
  1900K .......... .......... .......... .......... .......... 30%  913M 2s
  1950K .......... .......... .......... .......... .......... 30%  612M 1s
  2000K .......... .......... .......... .......... .......... 31%  688M 1s
  2050K .......... .......... .......... .......... .......... 32%  693M 1s
  2100K .......... .......... .......... .......... .......... 33%  512M 1s
  2150K .......... .......... .......... .......... .......... 33%  639M 1s
  2200K .......... .......... .......... .......... .......... 34%  683M 1s
  2250K .......... .......... .......... .......... .......... 35% 1.34G 1s
  2300K .......... .......... .......... .......... .......... 36% 1.24G 1s
  2350K .......... .......... .......... .......... .......... 36% 1023M 1s
  2400K .......... .......... .......... .......... .......... 37% 1.36M 1s
  2450K .......... .......... .......... .......... .......... 38%  347M 1s
  2500K .......... .......... .......... .......... .......... 39%  935M 1s
  2550K .......... .......... .......... .......... .......... 40%  597M 1s
  2600K .......... .......... .......... .......... .......... 40%  524M 1s
  2650K .......... .......... .......... .......... .......... 41%  548M 1s
  2700K .......... .......... .......... .......... .......... 42%  787M 1s
  2750K .......... .......... .......... .......... .......... 43%  540M 1s
  2800K .......... .......... .......... .......... .......... 43% 1.29G 1s
  2850K .......... .......... .......... .......... .......... 44% 1.30G 1s
  2900K .......... .......... .......... .......... .......... 45% 1.31G 1s
  2950K .......... .......... .......... .......... .......... 46%  695M 1s
  3000K .......... .......... .......... .......... .......... 47% 1.26G 1s
  3050K .......... .......... .......... .......... .......... 47% 1.24G 1s
  3100K .......... .......... .......... .......... .......... 48%  703K 1s
  3150K .......... .......... .......... .......... .......... 49%  402M 1s
  3200K .......... .......... .......... .......... .......... 50%  575M 1s
  3250K .......... .......... .......... .......... .......... 50%  653M 1s
  3300K .......... .......... .......... .......... .......... 51%  673M 1s
  3350K .......... .......... .......... .......... .......... 52%  564M 1s
  3400K .......... .......... .......... .......... .......... 53%  758M 1s
  3450K .......... .......... .......... .......... .......... 53%  676M 1s
  3500K .......... .......... .......... .......... .......... 54%  501M 1s
  3550K .......... .......... .......... .......... .......... 55%  350M 1s
  3600K .......... .......... .......... .......... .......... 56%  534M 1s
  3650K .......... .......... .......... .......... .......... 57%  691M 1s
  3700K .......... .......... .......... .......... .......... 57%  764M 1s
  3750K .......... .......... .......... .......... .......... 58%  556M 1s
  3800K .......... .......... .......... .......... .......... 59%  780M 1s
  3850K .......... .......... .......... .......... .......... 60%  561M 1s
  3900K .......... .......... .......... .......... .......... 60%  811M 0s
  3950K .......... .......... .......... .......... .......... 61%  645M 0s
  4000K .......... .......... .......... .......... .......... 62% 1.24G 0s
  4050K .......... .......... .......... .......... .......... 63% 1.24G 0s
  4100K .......... .......... .......... .......... .......... 63% 1.27G 0s
  4150K .......... .......... .......... .......... .......... 64% 1.27G 0s
  4200K .......... .......... .......... .......... .......... 65% 1.11G 0s
  4250K .......... .......... .......... .......... .......... 66% 1.27G 0s
  4300K .......... .......... .......... .......... .......... 67% 1.21G 0s
  4350K .......... .......... .......... .......... .......... 67%  999M 0s
  4400K .......... .......... .......... .......... .......... 68%  966M 0s
  4450K .......... .......... .......... .......... .......... 69% 1.25G 0s
  4500K .......... .......... .......... .......... .......... 70% 1.26G 0s
  4550K .......... .......... .......... .......... .......... 70% 1.29G 0s
  4600K .......... .......... .......... .......... .......... 71% 1.27G 0s
  4650K .......... .......... .......... .......... .......... 72% 1.27G 0s
  4700K .......... .......... .......... .......... .......... 73% 1.34G 0s
  4750K .......... .......... .......... .......... .......... 73%  797M 0s
  4800K .......... .......... .......... .......... .......... 74%  908M 0s
  4850K .......... .......... .......... .......... .......... 75% 1.25G 0s
  4900K .......... .......... .......... .......... .......... 76% 1.40M 0s
  4950K .......... .......... .......... .......... .......... 77%  585M 0s
  5000K .......... .......... .......... .......... .......... 77%  654M 0s
  5050K .......... .......... .......... .......... .......... 78%  512M 0s
  5100K .......... .......... .......... .......... .......... 79%  573M 0s
  5150K .......... .......... .......... .......... .......... 80%  463M 0s
  5200K .......... .......... .......... .......... .......... 80%  533M 0s
  5250K .......... .......... .......... .......... .......... 81%  712M 0s
  5300K .......... .......... .......... .......... .......... 82%  574M 0s
  5350K .......... .......... .......... .......... .......... 83%  559M 0s
  5400K .......... .......... .......... .......... .......... 83%  617M 0s
  5450K .......... .......... .......... .......... .......... 84%  548M 0s
  5500K .......... .......... .......... .......... .......... 85%  751M 0s
  5550K .......... .......... .......... .......... .......... 86%  414M 0s
  5600K .......... .......... .......... .......... .......... 87%  650M 0s
  5650K .......... .......... .......... .......... .......... 87%  465M 0s
  5700K .......... .......... .......... .......... .......... 88%  603M 0s
  5750K .......... .......... .......... .......... .......... 89% 1.25G 0s
  5800K .......... .......... .......... .......... .......... 90% 1.29G 0s
  5850K .......... .......... .......... .......... .......... 90% 1.25G 0s
  5900K .......... .......... .......... .......... .......... 91% 1.30G 0s
  5950K .......... .......... .......... .......... .......... 92%  993M 0s
  6000K .......... .......... .......... .......... .......... 93% 1.23G 0s
  6050K .......... .......... .......... .......... .......... 94% 1.30G 0s
  6100K .......... .......... .......... .......... .......... 94% 1.33G 0s
  6150K .......... .......... .......... .......... .......... 95% 1.27G 0s
  6200K .......... .......... .......... .......... .......... 96% 1006M 0s
  6250K .......... .......... .......... .......... .......... 97%  711K 0s
  6300K .......... .......... .......... .......... .......... 97%  932M 0s
  6350K .......... .......... .......... .......... .......... 98%  774M 0s
  6400K .......... .......... .......... .......... .......... 99% 1.04G 0s
  6450K .......... .......... .......... ........             100% 1.24G=0.9s

2026-09-30 18:42:17 (7.26 MB/s) - ‘myip_webcrawlers’ saved [6644011/6644011]

--2026-09-30 18:42:17--  http://wget-mirrors.uceprotect.net/rbldnsd-all/ips.backscatterer.org.gz
Resolving wget-mirrors.uceprotect.net... 66.240.236.50, 204.155.151.130, 217.23.49.207, ...
Connecting to wget-mirrors.uceprotect.net|66.240.236.50|:80... connected.
HTTP request sent, awaiting response... 200 OK
Length: 48893 (48K) [application/octet-stream]
Saving to: ‘uceprotect_backscatterer’

     0K .......... .......... .......... .......... .......   100%  318K=0.2s

2026-09-30 18:42:17 (318 KB/s) - ‘uceprotect_backscatterer’ saved [48893/48893]

--2026-09-30 18:42:17--  http://wget-mirrors.uceprotect.net/rbldnsd-all/dnsbl-1.uceprotect.net.gz
Resolving wget-mirrors.uceprotect.net... 185.248.148.6, 209.126.213.95, 72.13.86.154, ...
Connecting to wget-mirrors.uceprotect.net|185.248.148.6|:80... connected.
HTTP request sent, awaiting response... 200 OK
Length: 224086 (219K) [application/octet-stream]
Saving to: ‘uceprotect_level_1’

     0K .......... .......... .......... .......... .......... 22%  204K 1s
    50K .......... .......... .......... .......... .......... 45%  204K 1s
   100K .......... .......... .......... .......... .......... 68%  407K 0s
   150K .......... .......... .......... .......... .......... 91%  408K 0s
   200K .......... ........                                   100%  153K=0.9s

2026-09-30 18:42:18 (255 KB/s) - ‘uceprotect_level_1’ saved [224086/224086]

--2026-09-30 18:42:18--  http://wget-mirrors.uceprotect.net/rbldnsd-all/dnsbl-2.uceprotect.net.gz
Resolving wget-mirrors.uceprotect.net... 66.240.236.50, 217.23.49.207, 209.126.213.95, ...
Connecting to wget-mirrors.uceprotect.net|66.240.236.50|:80... connected.
HTTP request sent, awaiting response... 200 OK
Length: 256714 (251K) [application/octet-stream]
Saving to: ‘uceprotect_level_2’

     0K .......... .......... .......... .......... .......... 19%  354K 1s
    50K .......... .......... .......... .......... .......... 39%  706K 0s
   100K .......... .......... .......... .......... .......... 59% 1.20M 0s
   150K .......... .......... .......... .......... .......... 79% 1.62M 0s
   200K .......... .......... .......... .......... .......... 99%  705K 0s
   250K                                                       100% 1.30T=0.4s

2026-09-30 18:42:19 (708 KB/s) - ‘uceprotect_level_2’ saved [256714/256714]

--2026-09-30 18:42:19--  http://wget-mirrors.uceprotect.net/rbldnsd-all/dnsbl-3.uceprotect.net.gz
Resolving wget-mirrors.uceprotect.net... 38.145.218.88, 193.138.29.13, 209.126.213.95, ...
Connecting to wget-mirrors.uceprotect.net|38.145.218.88|:80... connected.
HTTP request sent, awaiting response... 200 OK
Length: 505449 (494K) [application/octet-stream]
Saving to: ‘uceprotect_level_3’

     0K .......... .......... .......... .......... .......... 10%  547K 1s
    50K .......... .......... .......... .......... .......... 20% 1.07M 1s
   100K .......... .......... .......... .......... .......... 30%  106M 0s
   150K .......... .......... .......... .......... .......... 40% 1.08M 0s
   200K .......... .......... .......... .......... .......... 50% 81.1M 0s
   250K .......... .......... .......... .......... .......... 60%  106M 0s
   300K .......... .......... .......... .......... .......... 70% 1.10M 0s
   350K .......... .......... .......... .......... .......... 81%  109M 0s
   400K .......... .......... .......... .......... .......... 91%  113M 0s
   450K .......... .......... .......... .......... ...       100%  947K=0.3s

2026-09-30 18:42:19 (1.75 MB/s) - ‘uceprotect_level_3’ saved [505449/505449]

--2026-09-30 18:42:19--  https://zonefiles.io/f/compromised/domains/live/
Resolving zonefiles.io... failed: No IPv4/IPv6 addresses for host.
wget: unable to resolve host address ‘zonefiles.io’
--2026-09-30 18:42:19--  https://zonefiles.io/f/compromised/ip/live/
Resolving zonefiles.io... failed: No IPv4/IPv6 addresses for host.
wget: unable to resolve host address ‘zonefiles.io’
